[www.coenove.fr/index.html]
[www.coenove.fr/app/themes/coenove/resources/assets/images/favicon/apple-touch-icon.png]
[www.coenove.fr/app/themes/coenove/resources/assets/images/favicon/favicon-32x32.png]
[www.coenove.fr/app/themes/coenove/resources/assets/images/favicon/favicon-16x16.png]
[www.coenove.fr/app/themes/coenove/resources/assets/images/favicon/site.html]
[www.coenove.fr/app/themes/coenove/resources/assets/images/favicon/safari-pinned-tab.svg]
[backblue.gif]
[fade.gif]
[index.html]
[www.coenove.fr/travaux/contributions/re2020-contribution-de-coenove-a-la-reflexion/index.html]
[www.coenove.fr/app/themes/coenove/resources/assets/fonts/rubik/rubik-light.woff2]
[www.coenove.fr/app/themes/coenove/resources/assets/fonts/signika/signika-semibold.woff2]
[www.coenove.fr/app/themes/coenove/resources/assets/fonts/signika/signika-regular.woff2]
[www.coenove.fr/app/themes/coenove/resources/assets/fonts/signika/signika-light.woff2]
[www.coenove.fr/app/themes/coenove/resources/assets/fonts/icomoon/icomoon0c2b.ttf]
[www.coenove.fr/app/plugins/webtoffee-gdpr-cookie-consent/public/images/cli_placeholder.svg]
[www.coenove.fr/app/themes/coenove/resources/assets/images/logo/coenove-2022_no-baseline.svg]
[www.coenove.fr/app/uploads/2022/03/GRDF-70915-Savigny-Territoires-scaled-e1647364679119-1024x798.jpg]
[www.coenove.fr/app/uploads/2022/02/GRDF-65356--scaled-e1704475003540-1024x430.jpg]
[www.coenove.fr/app/uploads/2023/03/logo-gaz-vert.svg]
[www.coenove.fr/nous-decouvrir/index.html]
[www.coenove.fr/app/uploads/2022/03/france_gaz_renouvelables_logo-special_site-300x61.jpg]
[www.coenove.fr/app/uploads/2022/03/PAC-HYBRIDE-300x62.jpg]
[www.coenove.fr/app/themes/coenove/resources/assets/images/pattern-edito-horizontal.png]
[www.coenove.fr/app/uploads/2024/03/Capture-decran-2024-03-03-a-17.25.12-300x174.png]
[www.coenove.fr/nous-decouvrir/association/index.html]
[www.coenove.fr/app/uploads/2024/02/PhotoSIA2024-300x225.jpg]
[www.coenove.fr/app/uploads/2022/03/CommuniqueDePresse-300x156.png]
[www.coenove.fr/app/uploads/2024/01/Capture-decran-2024-01-03-a-11.21.24-1024x697.jpg]
[www.coenove.fr/nous-decouvrir/membres/index.html]
[www.coenove.fr/app/themes/coenove/resources/assets/images/logo/coenove-2022_monochrom_no-baseline.svg]
[www.coenove.fr/app/uploads/2022/03/france_gaz_renouvelables_logo-special_site-296x60.jpg]
[www.coenove.fr/app/uploads/2022/03/PAC-HYBRIDE-289x60.jpg]
[www.coenove.fr/app/uploads/2022/02/Logo-France-Hydroge╠Cne-RVB-e1645542018181-193x60.jpg]
[www.coenove.fr/nous-decouvrir/partenaires/index.html]
[www.coenove.fr/app/plugins/wp-rocket/assets/js/lazyload/17.8.3/lazyload.min.js]
[www.coenove.fr/index.html]
[www.coenove.fr/nous-decouvrir/organisation/index.html]
[www.coenove.fr/notre-vision/index.html]
[www.coenove.fr/notre-vision/reussir-la-transition-energetique-dans-le-batiment/index.html]
[www.coenove.fr/notre-vision/preserver-la-resilience-du-mix-energetique-diversifie/index.html]
[www.coenove.fr/notre-vision/decarboner-le-mix-en-dynamisant-le-developpement-des-gaz-renouvelables/index.html]
[www.coenove.fr/app/themes/coenove/resources/assets/fonts/icomoon/icomoon173c.ttf]
[www.coenove.fr/notre-vision/accelerer-la-decarbonation-des-batiments/index.html]
[www.coenove.fr/notre-vision/stimuler-innovation-industrielle-francaise/index.html]
[www.coenove.fr/notre-vision/penser-la-transition-ecologique-dans-toutes-ses-dimensions/index.html]
[www.coenove.fr/travaux/index.html]
[www.coenove.fr/travaux/contributions/index.html]
[www.coenove.fr/travaux/evenements/index.html]
[www.coenove.fr/travaux/etudes/index.html]
[www.coenove.fr/travaux/prises-de-parole/index.html]
[www.coenove.fr/app/uploads/2022/02/GRDF-60796--1024x682.jpg]
[www.coenove.fr/travaux/contributions/re2020-contribution-de-coenove-a-la-reflexion/index.html]
[www.coenove.fr/actualites/index.html]
[www.coenove.fr/transition-energetique/index.html]
[www.coenove.fr/Firefox/index.html]
[www.coenove.fr/transition-energetique/gaz-economie-sobre-en-energie-et-en-ressources/index.html]
[www.coenove.fr/app/themes/coenove/resources/assets/images/favicon/site.html]
[www.coenove.fr/transition-energetique/prix-energie-et-competitivite/index.html]
[www.coenove.fr/app/themes/coenove/resources/assets/images/favicon/safari-pinned-tab.svg]
[www.coenove.fr/transition-energetique/cohesion-sociale-et-territoriale/index.html]
[www.coenove.fr/transition-energetique/securite-approvisionnement/index.html]
[www.coenove.fr/app/plugins/webtoffee-gdpr-cookie-consent/public/images/cli_placeholder.svg]
[www.coenove.fr/transition-energetique/emplois-filiere-gaz/index.html]
[www.coenove.fr/transition-energetique/energie-gaz-et-environnement/index.html]
[www.coenove.fr/idees-recues-sur-la-place-du-gaz/index.html]
[www.coenove.fr/wp-json/oembed/1.0/embed5197.json]
[www.coenove.fr/faq/index.html]
[www.coenove.fr/wp-json/oembed/1.0/embed358a]
[www.coenove.fr/observatoire-solutions/index.html]
[www.googletagmanager.com/gtm5445.html]
[www.coenove.fr/observatoire-solutions/construire-lavenir-du-gaz-avec-les-gaz-verts/index.html]
[www.coenove.fr/app/themes/coenove/resources/assets/images/logo/coenove-2022_no-baseline.svg]
[www.coenove.fr/observatoire-solutions/debat-idees/index.html]
[www.coenove.fr/observatoire-solutions/innovations-technologies/index.html]
[www.coenove.fr/observatoire-solutions/mon-etiquette-chaudiere/index.html]
[www.coenove.fr/travaux/prises-de-parole/les-gaz-renouvelables-sont-un-prerequis-indispensable-pour-reussir-la-decarbonation-du-batiment/index.html]
[www.coenove.fr/actualites/coenove-au-salon-international-de-lagriculture-2024/index.html]
[www.coenove.fr/espace-presse/valorisation-du-co2/index.html]
[www.coenove.fr/liste-des-actualites/index.html]
[www.coenove.fr/5-idees-recues/la-chaudiere-est-elle-un-equipement-du-passe/index.html]
[www.coenove.fr/5-idees-recues/la-pac-electrique-est-le-seul-equipement-pour-decarboner-le-batiment-faux/index.html]
[www.coenove.fr/newsletters/index.html]
[www.coenove.fr/espace-presse/index.html]
[www.coenove.fr/contactez-nous/index.html]
[www.coenove.fr/mentions-legales/index.html]
[www.coenove.fr/politique-de-confidentialite-et-vie-privee/index.html]
[www.coenove.fr/app/uploads/2022/03/hauns.jpg]
[www.coenove.fr/app/uploads/2022/03/b5fb7841-ac2e-4f37-acaf-380f2b1b6822-300x200.jpg]
[www.coenove.fr/app/uploads/2022/03/coenove123-300x155.jpg]
[www.coenove.fr/app/uploads/2022/02/contactez_un_conseiller_credit_peter_allan-1-300x200.jpg]
[www.coenove.fr/app/uploads/2022/03/shutterstock_1800774577-990x437-1-300x132.jpg]
[www.coenove.fr/nous-decouvrir/index.html]
[www.coenove.fr/app/uploads/2022/03/coenove123-1024x530.jpg]
[www.coenove.fr/nous-decouvrir/association/index.html]
[www.coenove.fr/app/uploads/2022/02/contactez_un_conseiller_credit_peter_allan-1-1024x683.jpg]
[www.coenove.fr/app/uploads/2022/02/Ariston-300x78.png]
[www.coenove.fr/app/uploads/2024/01/GA_LOG_QUADRI-JPG-300x80.jpg]
[www.coenove.fr/app/uploads/2024/01/Bosch_LV_2C_RGB-web-sans-slogan-300x144.jpg]
[www.coenove.fr/app/uploads/2022/02/CAPEB-300x124.png]
[www.coenove.fr/app/uploads/2022/02/Dietrich-300x69.png]
[www.coenove.fr/app/uploads/2022/02/FFB-300x140.png]
[www.coenove.fr/app/uploads/2022/02/France-Air-300x83.png]
[www.coenove.fr/app/uploads/2022/02/Gaz-Liquide-300x94.png]
[www.coenove.fr/app/uploads/2022/02/francehydrogene-300x104.jpg]
[www.coenove.fr/app/uploads/2022/02/AnyConv.com__FGR-300x225.png]
[www.coenove.fr/app/uploads/2022/02/frisquet_2-e1645110473379-300x160.png]
[www.coenove.fr/app/uploads/2022/02/logo_grdf_final-e1645110492360.png]
[www.coenove.fr/app/uploads/2022/10/QUALIGAZ-EVONIA_LOGO_RVB-300x136.png]
[www.coenove.fr/app/uploads/2024/01/LOGO-Cheminees_Poujoulat_2021_Color-1-300x63.png]
[www.coenove.fr/app/uploads/2024/01/Logo-Saunier-Duval_fond-blanc-300x65.jpg]
[www.coenove.fr/app/uploads/2022/02/Synasav-300x58.png]
[www.coenove.fr/app/uploads/2022/02/0-300x64.jpg]
[www.coenove.fr/app/uploads/2024/01/Gaz-et-Territoires_Couleur_Baseline-300x150.jpg]
[www.coenove.fr/app/uploads/2024/01/Capture-decran-2024-01-03-a-11.05.04-300x287.png]
[www.coenove.fr/nous-decouvrir/membres/index.html]
[www.coenove.fr/app/uploads/2022/03/shutterstock_1800774577-990x437-1.jpg]
[www.coenove.fr/app/uploads/2022/02/siteon0-9bb18.png]
[www.coenove.fr/app/uploads/2022/02/Logo-effinergie_base-line300x115.png]
[www.coenove.fr/app/uploads/2022/02/logo-institut-national-economie-circulaire-2017transparent-1024x271-1-300x79.png]
[www.coenove.fr/app/uploads/2022/02/Logo-lfe-300x154.png]
[www.coenove.fr/app/uploads/2023/03/FRANCEGAZ_LOGO-2023-COULBL-e1679994687290-300x178.png]
[www.coenove.fr/app/uploads/2022/02/fgr-e1645109864674-300x249.jpg]
[www.coenove.fr/app/uploads/2022/02/logo-biomethane-v4-2-300x44.png]
[www.coenove.fr/nous-decouvrir/partenaires/index.html]
[www.coenove.fr/app/uploads/2022/03/b5fb7841-ac2e-4f37-acaf-380f2b1b6822-1024x682.jpg]
[www.coenove.fr/app/uploads/2023/01/20230110_120532deb2-e1673520158178.jpg]
[www.coenove.fr/nous-decouvrir/organisation/index.html]
[www.coenove.fr/app/uploads/2024/01/Capture-decran-2024-01-31-a-12.25.04-1024x713.jpg]
[www.coenove.fr/app/uploads/2022/02/GRDF-70921-Savigny-Territoires-300x200.jpg]
[www.coenove.fr/app/uploads/2022/04/Bandeaux-Coénove-2-300x157.jpg]
[www.coenove.fr/app/uploads/2022/04/Bandeaux-Coénove2-1-300x157.jpg]
[www.coenove.fr/app/uploads/2022/04/Bandeaux-Coénove3-1-300x157.jpg]
[www.coenove.fr/app/uploads/2022/04/Bandeaux-Coénove4-300x157.jpg]
[www.coenove.fr/app/uploads/2022/04/Bandeaux-Coénove5-300x157.jpg]
[www.coenove.fr/app/uploads/2022/02/Plateforme-COENOVE-VDEF_compressed-1.pdf]
[www.coenove.fr/notre-vision/index.html]
[www.coenove.fr/app/uploads/2022/02/GRDF-70921-Savigny-Territoires-1024x683.jpg]
[www.coenove.fr/notre-vision/reussir-la-transition-energetique-dans-le-batiment/index.html]
[www.coenove.fr/app/uploads/2022/04/Bandeaux-Coénove-2-1024x535.jpg]
[coenove.fr/app/uploads/2022/02/Capture-décran-2022-02-08-à-15.50.25-300x198.png]
[www.coenove.fr/app/uploads/2022/02/GRDF-65434--1024x683.jpg]
[www.coenove.fr/notre-vision/preserver-la-resilience-du-mix-energetique-diversifie/index.html]
[www.coenove.fr/app/uploads/2022/04/Bandeaux-Coénove2-1-1024x535.jpg]
[www.coenove.fr/app/uploads/2022/02/Capture-décran-2022-02-09-à-16.19.46-1024x337.png]
[www.coenove.fr/app/uploads/2022/02/GRDF-18350-1-1024x683.jpg]
[www.coenove.fr/notre-vision/decarboner-le-mix-en-dynamisant-le-developpement-des-gaz-renouvelables/index.html]
[www.coenove.fr/app/uploads/2022/04/Bandeaux-Coénove3-1-1024x535.jpg]
[www.coenove.fr/app/uploads/2022/02/GRDF-24521-1024x680.jpg]
[www.coenove.fr/notre-vision/accelerer-la-decarbonation-des-batiments/index.html]
[www.coenove.fr/app/uploads/2022/04/Bandeaux-Coénove4-1024x535.jpg]
[www.coenove.fr/app/uploads/2022/02/GRDF-43370--1024x768.jpg]
[www.coenove.fr/notre-vision/stimuler-innovation-industrielle-francaise/index.html]
[www.coenove.fr/app/uploads/2022/04/Bandeaux-Coénove5-1024x535.jpg]
[www.coenove.fr/app/uploads/2022/02/GRDF-48908-0-1024x678.jpg]
[www.coenove.fr/notre-vision/penser-la-transition-ecologique-dans-toutes-ses-dimensions/index.html]
[www.coenove.fr/app/uploads/2022/03/reussite-marche-etude-1024x683.jpg]
[www.coenove.fr/app/uploads/2022/02/GRDF-68053-Vincent-Auriol-300x200.jpg]
[www.coenove.fr/app/uploads/2022/03/photo-site-nos-travaux-300x208.jpg]
[www.coenove.fr/app/uploads/2023/03/DSC00063-scaled-e1679992587523-300x175.jpg]
[www.coenove.fr/app/uploads/2022/03/ChzdwY-d_400x400-300x300.png]
[www.coenove.fr/travaux/index.html]
[www.coenove.fr/app/uploads/2022/02/GRDF-68053-Vincent-Auriol-1024x683.jpg]
[www.coenove.fr/app/uploads/2024/02/Capture-decran-2024-02-22-a-11.13.26-300x191.png]
[www.coenove.fr/app/uploads/2023/09/Capture-decran-2023-09-25-a-14.40.37-300x200.png]
[www.coenove.fr/app/uploads/2022/03/hauns-300x225.jpg]
[www.coenove.fr/app/uploads/2022/02/GRDF-18344-300x200.jpg]
[www.coenove.fr/app/uploads/2022/02/GRDF-49022--300x200.jpg]
[www.coenove.fr/app/uploads/2022/02/GRDF-28725-300x207.jpg]
[www.coenove.fr/app/uploads/2022/02/GRDF-59932--300x232.jpg]
[www.coenove.fr/travaux/etudes/index.html]
[www.coenove.fr/travaux/etudes/les-solutions-hydrogene-pour-le-batiment/index.html]
[www.coenove.fr/travaux/etudes/artelys/index.html]
[www.coenove.fr/travaux/etudes/scenarios-alternatifs-a-la-snbc-concernant-le-mix-de-chauffage-residentiel/index.html]
[www.coenove.fr/travaux/etudes/snbc-dans-le-residentiel-un-meilleur-scenario-est-possible/index.html]
[www.coenove.fr/travaux/etudes/quel-scenario-pour-un-parc-de-logements-sobre-en-carbone/index.html]
[www.coenove.fr/travaux/etudes/developpement-de-la-chaleur-renouvelable-vers-une-rationalisation-des-financements-publics/index.html]
[www.coenove.fr/travaux/etudes/impact-de-la-rt-2012-dans-le-logement-neuf-analyse-coenove/index.html]
[www.coenove.fr/app/uploads/2022/03/photo-site-nos-travaux-1024x711.jpg]
[www.coenove.fr/app/uploads/2024/01/Capture-decran-2024-01-03-a-12.21.14-300x168.png]
[www.coenove.fr/app/uploads/2023/12/Capture-decran-2023-12-14-a-20.53.32-300x218.png]
[www.coenove.fr/app/uploads/2022/02/GRDF-28371-300x200.jpg]
[www.coenove.fr/app/uploads/2022/03/thermostat-connecte-1200x900-1-300x225.jpg]
[www.coenove.fr/app/uploads/2023/03/cable-ht-header-image-300x156.jpg]
[www.coenove.fr/app/uploads/2022/02/GRDF-65434--300x200.jpg]
[www.coenove.fr/app/uploads/2022/03/Ministere-de-la-Transition-ecologique-RiccardoMilani-HansLucas-300x200.jpg]
[www.coenove.fr/app/uploads/2022/02/colonnadeBBRface-1-300x199.jpg]
[www.coenove.fr/travaux/contributions/index.html]
[www.coenove.fr/travaux/contributions/consultation-publique-sur-la-strategie-francaise-energie-climat-2024-2035-la-contribution-de-coenove/index.html]
[www.coenove.fr/travaux/contributions/consultation-publique-de-la-cre-sur-le-prochain/index.html]
[www.coenove.fr/travaux/contributions/concertation-publique-sur-la-decarbonation-du-batiment/index.html]
[www.coenove.fr/travaux/contributions/contribution-de-coenove-a-la-consultation-sur-le-run2-du-gt-batiment-de-la-snbc/index.html]
[www.coenove.fr/travaux/contributions/decret-relatif-au-dispositif-de-certificats-de-production-de-biogaz/index.html]
[www.coenove.fr/travaux/contributions/rte/index.html]
[www.coenove.fr/travaux/contributions/ppe-la-contribution-de-coenove-a-latelier-chaleur-et-froid-renouvelable-dans-le-residentiel-et-le-tertiaire/index.html]
[www.coenove.fr/travaux/contributions/sfec-la-contribution-de-coenove-au-run1-du-gt-batiment/index.html]
[www.coenove.fr/travaux/contributions/projet-de-decret-relatif-a-laccompagnement-obligatoire-en-application-de-larticle-164-de-la-loi-climat-et-resilience/index.html]
[www.coenove.fr/travaux/contributions/presidentielle-2022-plateforme-coenove/index.html]
[www.coenove.fr/app/uploads/2023/03/DSC00063-scaled-e1679992587523-1024x596.jpg]
[www.coenove.fr/app/uploads/2024/02/P1-scaled-e1707921472800-300x112.jpg]
[www.coenove.fr/app/uploads/2023/11/DSC07469-scaled-e1698924107314-300x219.jpg]
[www.coenove.fr/app/uploads/2023/09/IMG_9511-300x225.jpg]
[www.coenove.fr/app/uploads/2023/06/SUD-237x300.jpg]
[www.coenove.fr/travaux/prises-de-parole/politique-energetique-coenove-sexprime-sur-les-perspectives-pour-la-filiere-gaz-dans-le-secteur-des-batiments/index.html]
[www.coenove.fr/travaux/prises-de-parole/economie-circulaire-les-atouts-des-gaz-renouvelables-dans-les-territoires/index.html]
[www.coenove.fr/travaux/prises-de-parole/les-debats-bip-enerpresse-assurer-la-decarbonation-du-batiment/index.html]
[www.coenove.fr/app/uploads/2023/06/Coenove-3-300x160.jpg]
[www.coenove.fr/travaux/prises-de-parole/chaudieres-a-gaz-ca-chauffe-on-parle-immo-sur-sud-radio-24-juin-2023/index.html]
[www.coenove.fr/app/uploads/2023/03/Photo-JCCR-4-198-MO-scaled-e1678875789921-300x266.jpg]
[www.coenove.fr/travaux/prises-de-parole/index.html]
[www.coenove.fr/travaux/prises-de-parole/renovons-dabord-les-batiments-avant-de-changer-les-chauffages/index.html]
[www.coenove.fr/travaux/prises-de-parole/les-gaz-verts-un-atout-majeur-au-service-de-la-decarbonation/index.html]
[www.coenove.fr/travaux/prises-de-parole/projet-dinterdiction-des-chaudieres-au-gaz-dans-les-batiments-une-fausse-bonne-idee/index.html]
[www.coenove.fr/travaux/prises-de-parole/projet-dinterdiction-des-chaudieres-au-gaz-dans/index.html]
[www.coenove.fr/travaux/prises-de-parole/une-interdiction-brutale-de-la-chaudiere-gaz-aurait-des-consequences-deleteres/index.html]
[www.coenove.fr/app/uploads/2022/03/ChzdwY-d_400x400.png]
[www.coenove.fr/app/uploads/2024/02/P3-300x225.jpg]
[www.coenove.fr/app/uploads/2023/10/Photo1-e1697451703335-300x181.jpg]
[www.coenove.fr/travaux/evenements/captation-co2/index.html]
[www.coenove.fr/app/uploads/2023/06/3-e1686217406356-300x187.jpg]
[www.coenove.fr/travaux/evenements/innogaz-la-chaudiere-decarbonante-de-demain-mars-2023/index.html]
[www.coenove.fr/app/uploads/2023/03/Photo-scaled-e1678959290853-300x154.jpg]
[www.coenove.fr/travaux/evenements/power-to-gas/index.html]
[www.coenove.fr/app/uploads/2022/03/IMG_4277-300x212.jpg]
[www.coenove.fr/travaux/evenements/innogaz-les-infrastructures-gaz-un-reseau-robuste-pilotable-et-adaptable-face-aux-defis-de-la-transition-energetique/index.html]
[www.coenove.fr/app/uploads/2022/12/Innogaz-2022-300x225.jpg]
[www.coenove.fr/app/uploads/2022/04/Bandeaux-Coénove-1-300x165.jpg]
[www.coenove.fr/travaux/evenements/index.html]
[www.coenove.fr/travaux/evenements/innogaz-le-book-un-resume-des-12-deniers-pitchs/index.html]
[www.coenove.fr/travaux/evenements/innogaz-le-rendez-vous-de-linnovation-de-la-filiere-gaz/index.html]
[www.coenove.fr/travaux/evenements/innogaz-renovmc-gaz-une-solution-pour-la-renovation-energetique-des-logements-collectifs-novembre-2022/index.html]
[www.coenove.fr/travaux/evenements/innogaz-lhybride-un-choix-sans-regret-pour-la-flexibilite-mai-2022-2/index.html]
[www.coenove.fr/travaux/evenements/innogaz-le-rendez-vous-de-linnovation-de-la-filiere-gaz-2/index.html]
[www.coenove.fr/app/uploads/2022/03/070600120522-web-tete-1024x576.jpg]
[www.coenove.fr/app/uploads/2024/02/Capture-decran-2024-02-16-a-10.33.49-300x220.png]
[www.coenove.fr/app/uploads/2023/09/DSC00063-300x200.jpg]
[www.coenove.fr/actualites/index.html]
[www.coenove.fr/app/uploads/2022/02/jossuha-theophile-Pt8bW-CgBOk-unsplash-300x221.jpg]
[www.coenove.fr/espace-presse/la-filiere-gaz-lance-le-concours-pac-hybride-po/index.html]
[www.coenove.fr/espace-presse/reaction-de-jean-charles-colas-roy-president-de/index.html]
[www.coenove.fr/espace-presse/politique-energetique-coenove-sexprime-sur-les-perspectives-pour-la-filiere-gaz-dans-le-secteur-des-batiments/index.html]
[www.coenove.fr/app/uploads/2022/02/josh-appel-NeTPASr-bmQ-unsplash-300x225.jpg]
[www.coenove.fr/app/uploads/2022/02/GRDF-66001--300x142.jpg]
[www.coenove.fr/app/uploads/2022/02/GRDF-65356--scaled-e1704475003540-300x126.jpg]
[www.coenove.fr/app/uploads/2022/02/GRDF-18350-1-300x200.jpg]
[www.coenove.fr/app/uploads/2022/02/GRDF-22661-300x200.jpg]
[www.coenove.fr/transition-energetique/index.html]
[www.coenove.fr/app/uploads/2022/03/thermostat-connecte-1200x900-1-1024x768.jpg]
[www.coenove.fr/app/uploads/2022/02/1_1.png]
[www.coenove.fr/app/uploads/2022/03/Evolution-annuelle-ventes-de-chaudieres-1024x546.png]
[www.coenove.fr/app/uploads/2022/03/Capture-decran-2022-03-18-a-20.02.47-1024x528.png]
[www.coenove.fr/transition-energetique/gaz-economie-sobre-en-energie-et-en-ressources/index.html]
[www.coenove.fr/app/uploads/2022/02/josh-appel-NeTPASr-bmQ-unsplash.jpg]
[www.coenove.fr/app/uploads/2022/02/1525.jpg]
[www.coenove.fr/app/uploads/2022/02/1518-1024x544.jpg]
[www.coenove.fr/transition-energetique/prix-energie-et-competitivite/index.html]
[www.coenove.fr/app/uploads/2022/02/GRDF-66001--1024x485.jpg]
[www.coenove.fr/app/uploads/2022/02/capture_decran_2014-12-11_a_11.43.35.png]
[www.coenove.fr/app/uploads/2022/02/2_3.png]
[www.coenove.fr/app/uploads/2022/02/sans_titre_2.png]
[www.coenove.fr/app/uploads/2022/03/Capture-decran-2022-03-18-a-20.44.48-1024x164.png]
[www.coenove.fr/transition-energetique/cohesion-sociale-et-territoriale/index.html]
[www.coenove.fr/app/uploads/2022/03/Capture-decran-2022-03-18-a-21.34.47-1024x747.png]
[www.coenove.fr/app/uploads/2022/02/8_1.png]
[coenove.fr/app/uploads/2022/03/Potentiels-Gaz-renouvelables.png]
[www.coenove.fr/app/uploads/2022/02/carte-de-france-1024x1024.jpg]
[www.coenove.fr/app/uploads/2022/02/securite_d_appro1_0.png]
[www.coenove.fr/app/uploads/2022/02/15.png]
[www.coenove.fr/app/uploads/2022/02/16_0.png]
[www.coenove.fr/transition-energetique/securite-approvisionnement/index.html]
[www.coenove.fr/app/uploads/2022/03/Capture-decran-2022-03-19-a-12.10.22-1024x749.png]
[www.coenove.fr/app/uploads/2022/02/illustration_chauffage-1024x1024.png]
[www.coenove.fr/transition-energetique/energie-gaz-et-environnement/index.html]
[www.coenove.fr/app/uploads/2022/02/GRDF-22661-1024x684.jpg]
[www.coenove.fr/app/uploads/2022/02/1530.jpg]
[www.coenove.fr/transition-energetique/emplois-filiere-gaz/index.html]
[www.coenove.fr/app/uploads/2022/03/ideeRecus-1024x532.png]
[www.coenove.fr/app/uploads/2022/03/coenove_-_fiches_idees_recues-1.pdf]
[www.coenove.fr/app/uploads/2022/03/coenove_-_fiches_idees_recues-2.pdf]
[www.coenove.fr/5-idees-recues/la-pac-hybride-gaz-nest-quune-technologie-de-transition-faux/index.html]
[www.coenove.fr/app/uploads/2022/03/coenove_-_fiches_idees_recues-3.pdf]
[www.coenove.fr/5-idees-recues/le-gaz-est-interdit-dans-les-logements-faux/index.html]
[www.coenove.fr/app/uploads/2022/03/coenove_-_fiches_idees_recues-4.pdf]
[www.coenove.fr/app/uploads/2022/03/coenove_-_fiches_idees_recues-5.pdf]
[www.coenove.fr/idees-recues-sur-la-place-du-gaz/index.html]
[www.coenove.fr/5-idees-recues/les-gisements-des-gaz-renouvelables-sont-insuffisants-faux/index.html]
[www.coenove.fr/app/uploads/2022/03/FAQ-1024x532.jpg]
[www.coenove.fr/en-savoir-plus-sur-lenergie-primaire-et-lenergie-finale/index.html]
[coenove.fr/app/uploads/2022/03/Capture-decran-2022-03-18-a-10.28.02-1024x682.png]
[coenove.fr/app/uploads/2022/03/Potentiels-Gaz-renouvelables-1024x663.png]
[coenove.fr/app/uploads/2022/03/Cycle-methanisation-1024x551.png]
[coenove.fr/app/uploads/2022/03/france_gaz_renouvelables_logo-special_site.jpg]
[coenove.fr/app/uploads/2022/03/Capture-decran-2022-03-18-a-10.22.03.png]
[www.coenove.fr/faq/index.html]
[www.coenove.fr/app/uploads/2022/03/salaire-ingenieur-efficacite-energetique.jpg]
[www.coenove.fr/app/uploads/2022/03/HUB02167-scaled-e1647448620607-300x160.jpg]
[www.coenove.fr/observatoire-solutions/index.html]
[www.coenove.fr/app/uploads/2024/01/GazVert-acteur_clrpastille-300x300.png]
[www.coenove.fr/app/uploads/2024/01/images.png]
[www.coenove.fr/app/uploads/2024/01/GazVert_clrpastille-300x300.png]
[www.coenove.fr/observatoire-solutions/construire-lavenir-du-gaz-avec-les-gaz-verts/index.html]
[www.coenove.fr/app/uploads/2022/03/HUB02167-scaled-e1647448620607-1024x548.jpg]
[www.coenove.fr/app/uploads/2024/01/Olivier_Dauger1_web-900px-1-249x300.jpg]
[www.coenove.fr/app/uploads/2024/01/220506repon_jean-christophe016-300x292.jpg]
[www.coenove.fr/observatoire-solutions/debat-idees/3-questions-a-olivier-dauger-co-president-de-france-gaz-renouvelables/index.html]
[www.coenove.fr/app/uploads/2023/12/Sylvain-Waserman_PDG-ADEME_Portrait-HD_©Jean-Chiscano-scaled-e1701867969480-300x202.jpg]
[www.coenove.fr/app/uploads/2023/10/Portrait-300x257.jpg]
[www.coenove.fr/app/uploads/2023/10/005-230105-USH-Portrait-DLG-Emmanuelle-Cosse-2P8A1222-1-234x300.jpg]
[www.coenove.fr/observatoire-solutions/debat-idees/3-questions-a-jean-christophe-repon-president-de-la-capeb/index.html]
[www.coenove.fr/app/uploads/2023/09/386686-300x214.jpg]
[www.coenove.fr/observatoire-solutions/debat-idees/3-questions-a-sylvain-waserman-president-directeur-general-de-lademe/index.html]
[www.coenove.fr/app/uploads/2023/07/BM-1-300x297.jpg]
[www.coenove.fr/observatoire-solutions/debat-idees/le-spegnn-devient-gaz-et-territoires-pouvez-vous-nous-expliquer-cette-nouvelle-denomination/index.html]
[www.coenove.fr/app/uploads/2023/06/Antoine-Armand-scaled-e1685723737865-246x300.jpg]
[www.coenove.fr/observatoire-solutions/debat-idees/3-questions-a-emmanuelle-cosse-presidente-de-lunion-sociale-pour-lhabitat/index.html]
[www.coenove.fr/observatoire-solutions/debat-idees/3-questions-a-cecile-previeu-directrice-generale-adjointe-en-charge-des-activites-infrastructures/index.html]
[www.coenove.fr/observatoire-solutions/debat-idees/3-questions-a-bruno-millienne-depute-des-yvelines/index.html]
[www.coenove.fr/app/uploads/2023/04/photo-officielle-Emmanuelle-WARGON-scaled-e1682610557240-273x300.jpg]
[www.coenove.fr/observatoire-solutions/debat-idees/3-questions-a-antoine-armand-depute-de-haute-savoie/index.html]
[www.coenove.fr/app/uploads/2023/04/Photo-Zulesi-300x200.jpg]
[www.coenove.fr/observatoire-solutions/debat-idees/index.html]
[www.coenove.fr/observatoire-solutions/debat-idees/emmanuelle-wargon/index.html]
[www.coenove.fr/observatoire-solutions/debat-idees/3-questions-a-jean-marc-zulesi-president-de-la-commission-du-developpement-durable-et-de-lamenagement-du-territoire/index.html]
[www.coenove.fr/app/uploads/2022/02/GRDF-28371-1024x683.jpg]
[www.coenove.fr/app/uploads/2022/03/Fichesolution-300x156.png]
[www.coenove.fr/app/uploads/2022/02/biogaz_vignette2.png]
[www.coenove.fr/observatoire-solutions/innovations-technologies/fiche-solution-coenove-la-chaudiere-gaz-thpe/index.html]
[www.coenove.fr/app/uploads/2022/02/vignette_ptg2.png]
[www.coenove.fr/app/uploads/2022/03/Fiche-300x155.jpg]
[www.coenove.fr/observatoire-solutions/innovations-technologies/index.html]
[www.coenove.fr/observatoire-solutions/innovations-technologies/pac-gaz/index.html]
[www.coenove.fr/observatoire-solutions/innovations-technologies/pile-a-combustible/index.html]
[www.coenove.fr/observatoire-solutions/innovations-technologies/fiche-solution-coenove-la-pac-hybride/index.html]
[www.coenove.fr/observatoire-solutions/innovations-technologies/biogaz-et-biomethane-injecte-dans-le-reseau-gaz-une-energie-renouvelable-a-part-entiere/index.html]
[www.coenove.fr/observatoire-solutions/innovations-technologies/le-power-to-gas-une-solution-davenir-pour-stocker-lelectricite-dorigine-renouvelable/index.html]
[www.coenove.fr/observatoire-solutions/innovations-technologies/micro-cogeneration/index.html]
[www.coenove.fr/observatoire-solutions/innovations-technologies/pompe-a-chaleur-gaz-zeolithe/index.html]
[www.coenove.fr/app/uploads/2022/02/GRDF-28725-1024x707.jpg]
[coenove.fr/app/uploads/2022/02/monetiquette-1-300x61.jpg]
[www.coenove.fr/app/uploads/2022/02/monetiquettebandeau-1024x98.jpg]
[www.coenove.fr/observatoire-solutions/mon-etiquette-chaudiere/index.html]
[www.coenove.fr/app/uploads/2023/03/logo-gaz-vert.svg]
[www.coenove.fr/espace-presse/mon-etiquette-chaudiere-loutil-indispensable-des-professionnels-pour-repondre-aux-nouvelles-obligations-reglementaires/index.html]
[www.coenove.fr/app/uploads/2024/03/Capture-decran-2024-03-03-a-17.25.12-1024x594.png]
[www.coenove.fr/app/uploads/2024/03/ITW-JEAN-CHARLES-COLAS-ROY-COENOVE-GA-16-fevrier-2024.pdf]
[www.coenove.fr/app/uploads/2022/03/ideeRecus-300x156.png]
[www.coenove.fr/app/uploads/2024/02/Conference-300x225.jpg]
[www.coenove.fr/app/uploads/2024/01/Photo-methaniseur-300x225.jpg]
[www.coenove.fr/travaux/prises-de-parole/les-gaz-renouvelables-sont-un-prerequis-indispensable-pour-reussir-la-decarbonation-du-batiment/index.html]
[www.coenove.fr/actualites/coenove-a-enerjmeeting-paris-2024/index.html]
[www.coenove.fr/actualites/coenove-a-la-rencontre-des-agriculteurs-methaniseurs/index.html]
[www.coenove.fr/app/uploads/2024/02/PhotoSIA2024-1024x768.jpg]
[www.coenove.fr/app/uploads/2024/02/P4-300x225.jpg]
[www.coenove.fr/app/uploads/2024/03/P6-300x225.jpg]
[www.coenove.fr/app/uploads/2024/02/P1-1-300x225.jpg]
[www.coenove.fr/app/uploads/2024/02/P2-300x225.jpg]
[www.coenove.fr/actualites/coenove-au-salon-international-de-lagriculture-2024/index.html]
[www.coenove.fr/app/uploads/2022/03/CommuniqueDePresse-1024x532.png]
[www.coenove.fr/app/uploads/2024/02/CP-Enjeux-et-defis-de-la-captation-et-de-la-valorisation-du-CO2-biogenique.pdf]
[www.coenove.fr/espace-presse/valorisation-du-co2/index.html]
[www.coenove.fr/app/themes/coenove/resources/assets/images/placeholder/medium.jpg]
[www.coenove.fr/liste-des-actualites/index.html]
[www.coenove.fr/app/uploads/2022/09/COENOVE_FICHES-IDEES-RECUES_FICHE-1_V4.png]
[www.coenove.fr/app/uploads/2022/09/COENOVE_FICHES-IDEES-RECUES_FICHE-1_V3.pdf]
[www.coenove.fr/5-idees-recues/la-chaudiere-est-elle-un-equipement-du-passe/index.html]
[www.coenove.fr/5-idees-recues/index.html]
[www.coenove.fr/app/uploads/2022/09/COENOVE_FICHES-IDEES-RECUES_FICHE-2_V5-copie.png]
[www.coenove.fr/app/uploads/2022/09/COENOVE_FICHES-IDEES-RECUES_FICHE-2_V5.pdf]
[www.coenove.fr/5-idees-recues/la-pac-electrique-est-le-seul-equipement-pour-decarboner-le-batiment-faux/index.html]
[www.coenove.fr/app/themes/coenove/resources/assets/images/logo/coenove-2022_monochrom_no-baseline.svg]
[www.coenove.fr/app/uploads/2022/02/Newsletter-1024x532.png]
[www.coenove.fr/app/uploads/2022/02/Newsletter-300x156.png]
[www.coenove.fr/newsletters/index.html]
[www.coenove.fr/newsletters/page/2/index.html]
[www.coenove.fr/newsletters/taxes-sur-lenergie-soyons-vigilants-a-ne-pas-jouer-avec-le-feu/index.html]
[www.coenove.fr/newsletters/nesquivons-pas-le-debat-democratique-sur-la-programmation-pluriannuelle-de-lenergie/index.html]
[www.coenove.fr/newsletters/lettre-mensuelle-de-coenove-nomvembre-2023/index.html]
[www.coenove.fr/newsletters/lettre-mensuelle-de-coenove/index.html]
[www.coenove.fr/newsletters/lettre-mensuelle-de-coenove-septembre/index.html]
[www.coenove.fr/newsletters/lettre-mensuelle-de-coenove-aout-2023/index.html]
[www.coenove.fr/newsletters/lettre-mensuelle-de-coenove-juin-2023/index.html]
[www.coenove.fr/newsletters/lettre-mensuelle-de-coenove-mai-2023/index.html]
[www.coenove.fr/newsletters/lettre-mensuelle-de-coenove-avril-2023/index.html]
[www.coenove.fr/newsletters/lettre-mensuelle-de-coenove-mars-2023/index.html]
[www.coenove.fr/app/uploads/2022/02/luis-villasmil-4V8uMZx8FYA-unsplash.jpg]
[www.coenove.fr/app/uploads/2023/11/4-300x200.jpg]
[www.coenove.fr/espace-presse/sobriete-des-batiments-tertiaires-prives/index.html]
[www.coenove.fr/app/uploads/2023/09/Capture-decran-2023-09-13-a-11.36.23-e1694597903180-300x233.jpg]
[www.coenove.fr/espace-presse/les-infrastructures-gaz/index.html]
[www.coenove.fr/app/uploads/2023/08/Capture-decran-2023-08-28-a-11.45.26-300x175.png]
[www.coenove.fr/espace-presse/index.html]
[www.coenove.fr/espace-presse/projet-daugmentation-de-la-tva-sur-les-chaudieres-gaz-de-55-a-20-coenove-reagit/index.html]
[www.coenove.fr/espace-presse/bilan-previsionnel-de-rte/index.html]
[www.coenove.fr/espace-presse/mention-gaz-vert/index.html]
[www.coenove.fr/espace-presse/portrait-de-jean-charles-colas-roy/index.html]
[www.coenove.fr/app/plugins/gravityforms/images/spinner.svg]
[www.coenove.fr/contactez-nous/index.html]
[www.coenove.fr/mentions-legales/index.html]
[www.coenove.fr/politique-de-confidentialite-et-vie-privee/index.html]
[www.coenove.fr/travaux/contributions/re2020-contribution-de-coenove-a-la-reflexion/r.html]
[www.coenove.fr/travaux/contributions/re2020-contribution-de-coenove-a-la-reflexion/Firefox/index.html]
[www.coenove.fr/indexb4c1.html]
[www.coenove.fr/wp-json/oembed/1.0/embed6dae.json]
[www.coenove.fr/wp-json/oembed/1.0/embed704b]
[www.coenove.fr/nous-decouvrir/Firefox/index.html]
[www.coenove.fr/index1c00.html]
[www.coenove.fr/wp-json/oembed/1.0/embed33ff.json]
[www.coenove.fr/wp-json/oembed/1.0/embedd0db]
[www.coenove.fr/nous-decouvrir/association/r.html]
[www.coenove.fr/nous-decouvrir/association/Firefox/index.html]
[www.coenove.fr/indexb648.html]
[www.coenove.fr/wp-json/oembed/1.0/embed8a64.json]
[www.coenove.fr/wp-json/oembed/1.0/embedc2a0]
[www.coenove.fr/nous-decouvrir/membres/r.html]
[www.coenove.fr/nous-decouvrir/membres/Firefox/index.html]
[www.coenove.fr/index6289.html]
[www.coenove.fr/wp-json/oembed/1.0/embed2d92.json]
[www.coenove.fr/wp-json/oembed/1.0/embed221a]
[www.coenove.fr/nous-decouvrir/partenaires/r.html]
[www.coenove.fr/nous-decouvrir/partenaires/Firefox/index.html]
[www.coenove.fr/index60e8.html]
[www.coenove.fr/wp-json/oembed/1.0/embedcfb8.json]
[www.coenove.fr/wp-json/oembed/1.0/embed2487]
[www.coenove.fr/nous-decouvrir/organisation/r.html]
[www.coenove.fr/nous-decouvrir/organisation/Firefox/index.html]
[www.coenove.fr/index20df.html]
[www.coenove.fr/wp-json/oembed/1.0/embed8df1.json]
[www.coenove.fr/wp-json/oembed/1.0/embed8947]
[www.coenove.fr/notre-vision/Firefox/index.html]
[www.coenove.fr/indexd52d.html]
[www.coenove.fr/wp-json/oembed/1.0/embed9042.json]
[www.coenove.fr/wp-json/oembed/1.0/embedd719]
[www.coenove.fr/notre-vision/reussir-la-transition-energetique-dans-le-batiment/r.html]
[www.coenove.fr/notre-vision/reussir-la-transition-energetique-dans-le-batiment/Firefox/index.html]
[www.coenove.fr/indexf3dd.html]
[www.coenove.fr/wp-json/oembed/1.0/embed38c5.json]
[www.coenove.fr/wp-json/oembed/1.0/embeda80c]
[www.coenove.fr/notre-vision/preserver-la-resilience-du-mix-energetique-diversifie/r.html]
[www.coenove.fr/notre-vision/preserver-la-resilience-du-mix-energetique-diversifie/Firefox/index.html]
[www.coenove.fr/index4659.html]
[www.coenove.fr/wp-json/oembed/1.0/embeda622.json]
[www.coenove.fr/wp-json/oembed/1.0/embed1af0]
[www.coenove.fr/notre-vision/decarboner-le-mix-en-dynamisant-le-developpement-des-gaz-renouvelables/r.html]
[www.coenove.fr/notre-vision/decarboner-le-mix-en-dynamisant-le-developpement-des-gaz-renouvelables/Firefox/index.html]
[www.coenove.fr/index9076.html]
[www.coenove.fr/wp-json/oembed/1.0/embed6f88.json]
[www.coenove.fr/wp-json/oembed/1.0/embed4262]
[www.coenove.fr/notre-vision/accelerer-la-decarbonation-des-batiments/r.html]
[www.coenove.fr/notre-vision/accelerer-la-decarbonation-des-batiments/Firefox/index.html]
[www.coenove.fr/index73fa.html]
[www.coenove.fr/wp-json/oembed/1.0/embed9b70.json]
[www.coenove.fr/wp-json/oembed/1.0/embed282b]
[www.coenove.fr/notre-vision/stimuler-innovation-industrielle-francaise/r.html]
[www.coenove.fr/notre-vision/stimuler-innovation-industrielle-francaise/Firefox/index.html]
[www.coenove.fr/indexef92.html]
[www.coenove.fr/wp-json/oembed/1.0/embedd5b6.json]
[www.coenove.fr/wp-json/oembed/1.0/embed8279]
[www.coenove.fr/notre-vision/penser-la-transition-ecologique-dans-toutes-ses-dimensions/r.html]
[www.coenove.fr/notre-vision/penser-la-transition-ecologique-dans-toutes-ses-dimensions/Firefox/index.html]
[www.coenove.fr/index2e31.html]
[www.coenove.fr/wp-json/oembed/1.0/embed0d85.json]
[www.coenove.fr/wp-json/oembed/1.0/embed5388]
[www.coenove.fr/travaux/Firefox/index.html]
[www.coenove.fr/index36d4.html]
[www.coenove.fr/wp-json/oembed/1.0/embed220d.json]
[www.coenove.fr/wp-json/oembed/1.0/embedeb1a]
[www.coenove.fr/travaux/etudes/r.html]
[www.coenove.fr/travaux/etudes/Firefox/index.html]
[www.coenove.fr/index5eda.html]
[www.coenove.fr/wp-json/oembed/1.0/embed991d.json]
[www.coenove.fr/wp-json/oembed/1.0/embedff4f]
[www.coenove.fr/app/uploads/2024/02/Capture-decran-2024-02-22-a-11.13.26-1024x652.png]
[www.coenove.fr/travaux/etudes/les-solutions-hydrogene-pour-le-batiment/index.html]
[www.coenove.fr/app/uploads/2023/09/Capture-decran-2023-09-25-a-14.40.37-1024x684.png]
[www.coenove.fr/app/uploads/2023/10/Etude-Artelys-Coenove_Note-de-synthese_Oct-23.pdf]
[www.coenove.fr/travaux/etudes/artelys/index.html]
[www.coenove.fr/app/uploads/2022/02/presentation_powerpoint_courte_artelys_2019_compressed.pdf]
[www.coenove.fr/app/uploads/2022/10/Club-des-experts_-version-7-du-19-10-2022-_VDEF.pdf]
[www.coenove.fr/travaux/etudes/scenarios-alternatifs-a-la-snbc-concernant-le-mix-de-chauffage-residentiel/index.html]
[www.coenove.fr/app/uploads/2022/02/GRDF-18344-1024x683.jpg]
[www.coenove.fr/app/uploads/2022/04/P18107_Rapport-_ARTELYS_Transferts-dusage-dans-le-residentiel.pdf]
[www.coenove.fr/app/uploads/2022/02/plaquette_alternative_snbc_coenove_2019_0.pdf]
[www.coenove.fr/travaux/etudes/snbc-dans-le-residentiel-un-meilleur-scenario-est-possible/index.html]
[www.coenove.fr/app/uploads/2022/02/GRDF-49022--1024x683.jpg]
[www.coenove.fr/app/uploads/2022/02/coenove_-_etude_soutiens_publics_chaleur_renouvelable_vcourte.pdf]
[www.coenove.fr/travaux/etudes/developpement-de-la-chaleur-renouvelable-vers-une-rationalisation-des-financements-publics/index.html]
[www.coenove.fr/app/uploads/2022/02/etude_pdm_schema-1024x345.jpg]
[www.coenove.fr/travaux/etudes/impact-de-la-rt-2012-dans-le-logement-neuf-analyse-coenove/index.html]
[www.coenove.fr/app/uploads/2022/02/GRDF-59932--1024x792.jpg]
[www.coenove.fr/travaux/etudes/quel-scenario-pour-un-parc-de-logements-sobre-en-carbone/index.html]
[www.coenove.fr/travaux/contributions/r.html]
[www.coenove.fr/travaux/contributions/Firefox/index.html]
[www.coenove.fr/indexd4a6.html]
[www.coenove.fr/wp-json/oembed/1.0/embedd0cd.json]
[www.coenove.fr/wp-json/oembed/1.0/embedadf6]
[www.coenove.fr/app/uploads/2024/01/Capture-decran-2024-01-03-a-12.21.14-1024x574.png]
[www.coenove.fr/app/uploads/2024/01/Consultation-SFEC-decembre-2023-Contribution-Coenove-.pdf]
[www.coenove.fr/travaux/contributions/consultation-publique-sur-la-strategie-francaise-energie-climat-2024-2035-la-contribution-de-coenove/index.html]
[www.coenove.fr/app/uploads/2023/12/Capture-decran-2023-12-14-a-20.53.32-1024x743.png]
[www.coenove.fr/app/uploads/2024/01/GT-Batiment-Run-2-Reponse-Coenove.pdf]
[www.coenove.fr/travaux/contributions/contribution-de-coenove-a-la-consultation-sur-le-run2-du-gt-batiment-de-la-snbc/index.html]
[www.coenove.fr/app/uploads/2022/03/Test2-300x156.jpg]
[www.coenove.fr/travaux/contributions/consultation-publique-de-la-cre-sur-le-prochain/index.html]
[www.coenove.fr/espace-presse/accelerer-le-developpement-de-la-pac-hybride-une-solution-meconnue-pour-decarboner-le-batiment/index.html]
[www.coenove.fr/espace-presse/halte-aux-idees-recues-malgre-la-re2020-le-gaz-a-toujours-un-avenir-dans-le-batiment/index.html]
[www.coenove.fr/app/uploads/2023/09/Contribution-Coenove-Concertation-accelerer-decarbonation-batiment-v4.pdf]
[www.coenove.fr/travaux/contributions/concertation-publique-sur-la-decarbonation-du-batiment/index.html]
[www.coenove.fr/app/uploads/2023/03/cable-ht-header-image-1024x533.jpg]
[www.coenove.fr/app/uploads/2023/03/Consultation-publique-BP-2023-RTE_Contrib-Coenove.pdf]
[www.coenove.fr/travaux/contributions/rte/index.html]
[www.coenove.fr/app/uploads/2022/10/Contribution-COENOVE-GT-Batiment-SFEC-Atelier-2-Note-synthèse-hébergée-site-Coenove.pdf]
[www.coenove.fr/travaux/contributions/ppe-la-contribution-de-coenove-a-latelier-chaleur-et-froid-renouvelable-dans-le-residentiel-et-le-tertiaire/index.html]
[www.coenove.fr/travaux/contributions/sfec-la-contribution-de-coenove-au-run1-du-gt-batiment/index.html]
[www.coenove.fr/app/uploads/2022/08/Contribution-COENOVE-GT-Bâtiment-SFEC-Run1.pdf]
[www.coenove.fr/travaux/contributions/decret-relatif-au-dispositif-de-certificats-de-production-de-biogaz/index.html]
[www.coenove.fr/app/uploads/2022/03/Ministere-de-la-Transition-ecologique-RiccardoMilani-HansLucas.jpg]
[www.coenove.fr/travaux/contributions/projet-de-decret-relatif-a-laccompagnement-obligatoire-en-application-de-larticle-164-de-la-loi-climat-et-resilience/index.html]
[www.coenove.fr/app/uploads/2022/02/colonnadeBBRface-1-1024x680.jpg]
[www.coenove.fr/app/uploads/2022/02/Plateforme-COENOVE_compressed.pdf]
[www.coenove.fr/travaux/contributions/presidentielle-2022-plateforme-coenove/index.html]
[www.coenove.fr/travaux/prises-de-parole/r.html]
[www.coenove.fr/travaux/prises-de-parole/Firefox/index.html]
[www.coenove.fr/indexdc0d.html]
[www.coenove.fr/wp-json/oembed/1.0/embed86cf.json]
[www.coenove.fr/wp-json/oembed/1.0/embed9e9b]
[www.coenove.fr/app/uploads/2024/02/P1-scaled-e1707921472800-1024x382.jpg]
[www.coenove.fr/travaux/prises-de-parole/politique-energetique-coenove-sexprime-sur-les-perspectives-pour-la-filiere-gaz-dans-le-secteur-des-batiments/index.html]
[www.coenove.fr/app/uploads/2023/11/DSC07469-scaled-e1698924107314-1024x747.jpg]
[www.coenove.fr/travaux/prises-de-parole/economie-circulaire-les-atouts-des-gaz-renouvelables-dans-les-territoires/index.html]
[www.coenove.fr/app/uploads/2023/09/IMG_9511-1024x768.jpg]
[www.coenove.fr/app/uploads/2023/09/Capture-decran-2023-09-29-a-13.05.15-300x170.png]
[www.coenove.fr/travaux/prises-de-parole/les-debats-bip-enerpresse-assurer-la-decarbonation-du-batiment/index.html]
[www.coenove.fr/app/uploads/2023/06/SUD.jpg]
[www.coenove.fr/travaux/prises-de-parole/chaudieres-a-gaz-ca-chauffe-on-parle-immo-sur-sud-radio-24-juin-2023/index.html]
[www.coenove.fr/app/uploads/2023/06/Coenove-3-1024x547.jpg]
[www.coenove.fr/app/uploads/2023/06/AEF-juin-2023.pdf]
[www.coenove.fr/travaux/prises-de-parole/renovons-dabord-les-batiments-avant-de-changer-les-chauffages/index.html]
[www.coenove.fr/app/uploads/2023/03/Photo-JCCR-4-198-MO-scaled-e1678875789921-1024x909.jpg]
[www.coenove.fr/app/uploads/2023/06/EC14-ParoleA.pdf]
[www.coenove.fr/travaux/prises-de-parole/les-gaz-verts-un-atout-majeur-au-service-de-la-decarbonation/index.html]
[www.coenove.fr/app/uploads/2023/05/CP-Interdiction-chaudieres.pdf]
[www.coenove.fr/travaux/prises-de-parole/projet-dinterdiction-des-chaudieres-au-gaz-dans-les-batiments-une-fausse-bonne-idee/index.html]
[www.coenove.fr/travaux/prises-de-parole/projet-dinterdiction-des-chaudieres-au-gaz-dans/index.html]
[www.coenove.fr/app/uploads/2023/04/CFP_875_p08-09_ENTRETIEN-DU-MOIS.pdf]
[www.coenove.fr/travaux/prises-de-parole/une-interdiction-brutale-de-la-chaudiere-gaz-aurait-des-consequences-deleteres/index.html]
[www.coenove.fr/travaux/evenements/r.html]
[www.coenove.fr/travaux/evenements/Firefox/index.html]
[www.coenove.fr/index6452.html]
[www.coenove.fr/wp-json/oembed/1.0/embedb315.json]
[www.coenove.fr/wp-json/oembed/1.0/embedffb8]
[www.coenove.fr/app/uploads/2024/02/P3-1024x768.jpg]
[www.coenove.fr/travaux/evenements/captation-co2/index.html]
[www.coenove.fr/actualites/coenove-au-salon-hyvolution-paris-2024/index.html]
[www.coenove.fr/app/uploads/2023/10/Photo1-e1697451703335.jpg]
[www.coenove.fr/travaux/evenements/innogaz-les-infrastructures-gaz-un-reseau-robuste-pilotable-et-adaptable-face-aux-defis-de-la-transition-energetique/index.html]
[www.coenove.fr/espace-presse/rojet-dinterdiction-des-chaudieres-au-gaz-dans-les-batiments-une-fausse-bonne-idee/index.html]
[www.coenove.fr/app/uploads/2023/06/3-e1686217406356-1024x637.jpg]
[www.coenove.fr/travaux/evenements/innogaz-la-chaudiere-decarbonante-de-demain-mars-2023/index.html]
[www.coenove.fr/app/uploads/2023/03/Photo-scaled-e1678959290853-1024x527.jpg]
[www.coenove.fr/app/uploads/2023/03/ATEE-Technologies-Innovantes-gaz-9mars2023.pdf]
[www.coenove.fr/travaux/evenements/power-to-gas/index.html]
[www.coenove.fr/app/uploads/2022/03/IMG_4277-1024x723.jpg]
[www.coenove.fr/app/uploads/2022/12/Pres.-Innogaz-newB.pdf]
[www.coenove.fr/travaux/evenements/innogaz-le-book-un-resume-des-12-deniers-pitchs/index.html]
[www.coenove.fr/app/uploads/2022/12/Innogaz-2022-1024x768.jpg]
[www.coenove.fr/travaux/evenements/innogaz-renovmc-gaz-une-solution-pour-la-renovation-energetique-des-logements-collectifs-novembre-2022/index.html]
[www.coenove.fr/app/uploads/2022/04/Bandeaux-Coénove-1.jpg]
[www.coenove.fr/app/uploads/2022/12/bbSans-titre.png]
[www.coenove.fr/app/uploads/2022/11/Actes_Validés_LiveInnogazN7_2022.pdf]
[www.coenove.fr/travaux/evenements/innogaz-lhybride-un-choix-sans-regret-pour-la-flexibilite-mai-2022-2/index.html]
[www.coenove.fr/app/uploads/2022/12/Actes-validés_Innogaz.pdf]
[www.coenove.fr/travaux/evenements/innogaz-le-rendez-vous-de-linnovation-de-la-filiere-gaz/index.html]
[www.coenove.fr/app/uploads/2022/11/Actes-validés_Innogaz.pdf]
[www.coenove.fr/app/uploads/2022/03/actes_liveinnogaz-6_05_2021.pdf]
[www.coenove.fr/app/uploads/2022/03/actes_liveinnogaz_11_02.pdf]
[www.coenove.fr/app/uploads/2022/03/actes_innogaz_06052020.pdf]
[www.coenove.fr/app/uploads/2022/03/actesinnogaz-2_12.pdf]
[www.coenove.fr/app/uploads/2022/03/actes_liveinnogazn17_09_2020_coenove.pdf]
[www.coenove.fr/app/uploads/2022/03/actes_liveinnogaz2_coenove_23_06_20.pdf]
[www.coenove.fr/app/uploads/2022/03/1_actes_innogaz_2019_compressed-2.pdf]
[www.coenove.fr/travaux/evenements/innogaz-le-rendez-vous-de-linnovation-de-la-filiere-gaz-2/index.html]
[www.coenove.fr/actualites/Firefox/index.html]
[www.coenove.fr/index9c49.html]
[www.coenove.fr/wp-json/oembed/1.0/embed5392.json]
[www.coenove.fr/wp-json/oembed/1.0/embed5abf]
[www.coenove.fr/app/uploads/2024/02/Capture-decran-2024-02-16-a-10.33.49-1024x750.png]
[www.coenove.fr/app/uploads/2024/02/Communique-de-presse-concours-pac-hybride-lancement_Vf.pdf]
[www.coenove.fr/espace-presse/la-filiere-gaz-lance-le-concours-pac-hybride-po/index.html]
[www.coenove.fr/app/uploads/2023/09/DSC00063-1024x683.jpg]
[www.coenove.fr/app/uploads/2024/02/CP_Coenove_reaction_DPE.pdf]
[www.coenove.fr/espace-presse/reaction-de-jean-charles-colas-roy-president-de/index.html]
[www.coenove.fr/app/uploads/2022/02/jossuha-theophile-Pt8bW-CgBOk-unsplash.jpg]
[www.coenove.fr/app/uploads/2024/02/CP_Coenove_bilan_perspectives.pdf]
[www.coenove.fr/espace-presse/politique-energetique-coenove-sexprime-sur-les-perspectives-pour-la-filiere-gaz-dans-le-secteur-des-batiments/index.html]
[www.coenove.fr/transition-energetique/Firefox/index.html]
[www.coenove.fr/index86fa.html]
[www.coenove.fr/wp-json/oembed/1.0/embed07a1.json]
[www.coenove.fr/wp-json/oembed/1.0/embed251d]
[www.coenove.fr/transition-energetique/gaz-economie-sobre-en-energie-et-en-ressources/r.html]
[www.coenove.fr/transition-energetique/gaz-economie-sobre-en-energie-et-en-ressources/Firefox/index.html]
[www.coenove.fr/indexfa80.html]
[www.coenove.fr/wp-json/oembed/1.0/embed3de2.json]
[www.coenove.fr/wp-json/oembed/1.0/embedd0a5]
[www.coenove.fr/transition-energetique/prix-energie-et-competitivite/r.html]
[www.coenove.fr/transition-energetique/prix-energie-et-competitivite/Firefox/index.html]
[www.coenove.fr/index9fa1.html]
[www.coenove.fr/wp-json/oembed/1.0/embedea3d.json]
[www.coenove.fr/wp-json/oembed/1.0/embed1fb0]
[www.coenove.fr/transition-energetique/cohesion-sociale-et-territoriale/r.html]
[www.coenove.fr/transition-energetique/cohesion-sociale-et-territoriale/Firefox/index.html]
[www.coenove.fr/index5f0f.html]
[www.coenove.fr/wp-json/oembed/1.0/embed06b2.json]
[www.coenove.fr/wp-json/oembed/1.0/embed029d]
[www.coenove.fr/transition-energetique/securite-approvisionnement/r.html]
[www.coenove.fr/transition-energetique/securite-approvisionnement/Firefox/index.html]
[www.coenove.fr/index4978.html]
[www.coenove.fr/wp-json/oembed/1.0/embedf282.json]
[www.coenove.fr/wp-json/oembed/1.0/embed4234]
[www.coenove.fr/transition-energetique/energie-gaz-et-environnement/r.html]
[www.coenove.fr/transition-energetique/energie-gaz-et-environnement/Firefox/index.html]
[www.coenove.fr/index6233.html]
[www.coenove.fr/wp-json/oembed/1.0/embed6019.json]
[www.coenove.fr/wp-json/oembed/1.0/embed5e27]
[www.coenove.fr/transition-energetique/emplois-filiere-gaz/r.html]
[www.coenove.fr/transition-energetique/emplois-filiere-gaz/Firefox/index.html]
[www.coenove.fr/index8e1b.html]
[www.coenove.fr/wp-json/oembed/1.0/embeddaf6.json]
[www.coenove.fr/wp-json/oembed/1.0/embed4e21]
[www.coenove.fr/idees-recues-sur-la-place-du-gaz/Firefox/index.html]
[www.coenove.fr/index5579.html]
[www.coenove.fr/wp-json/oembed/1.0/embed860b.json]
[www.coenove.fr/wp-json/oembed/1.0/embed5b1f]
[www.coenove.fr/app/uploads/2022/09/COENOVE_FICHES-IDEES-RECUES_FICHE-3_V5.png]
[www.coenove.fr/app/uploads/2022/09/COENOVE_FICHES-IDEES-RECUES_FICHE-3_V5.pdf]
[www.coenove.fr/5-idees-recues/la-pac-hybride-gaz-nest-quune-technologie-de-transition-faux/index.html]
[www.coenove.fr/app/uploads/2022/09/COENOVE_FICHES-IDEES-RECUES_FICHE-4_V4.png]
[www.coenove.fr/app/uploads/2022/09/COENOVE_FICHES-IDEES-RECUES_FICHE-4_V5.pdf]
[www.coenove.fr/5-idees-recues/le-gaz-est-interdit-dans-les-logements-faux/index.html]
[www.coenove.fr/app/uploads/2022/09/COENOVE_FICHES-IDEES-RECUES_FICHE-5_V3-e1664125887591.png]
[www.coenove.fr/app/uploads/2022/09/COENOVE_FICHES-IDEES-RECUES_FICHE-5_V4.pdf]
[www.coenove.fr/5-idees-recues/les-gisements-des-gaz-renouvelables-sont-insuffisants-faux/index.html]
[www.coenove.fr/faq/Firefox/index.html]
[www.coenove.fr/indexd1c3.html]
[www.coenove.fr/wp-json/oembed/1.0/embed7138.json]
[www.coenove.fr/wp-json/oembed/1.0/embed50a0]
[www.coenove.fr/app/uploads/2022/03/salaire-ingenieur-efficacite-energetique-300x201.jpg]
[www.coenove.fr/en-savoir-plus-sur-lenergie-primaire-et-lenergie-finale/index.html]
[www.coenove.fr/observatoire-solutions/Firefox/index.html]
[www.coenove.fr/index60d6.html]
[www.coenove.fr/wp-json/oembed/1.0/embed92b4.json]
[www.coenove.fr/wp-json/oembed/1.0/embed0582]
[www.coenove.fr/observatoire-solutions/construire-lavenir-du-gaz-avec-les-gaz-verts/r.html]
[www.coenove.fr/observatoire-solutions/construire-lavenir-du-gaz-avec-les-gaz-verts/Firefox/index.html]
[www.coenove.fr/index8acf.html]
[www.coenove.fr/wp-json/oembed/1.0/embed01de.json]
[www.coenove.fr/wp-json/oembed/1.0/embedd7bd]
[www.coenove.fr/observatoire-solutions/debat-idees/r.html]
[www.coenove.fr/observatoire-solutions/debat-idees/Firefox/index.html]
[www.coenove.fr/index7dad.html]
[www.coenove.fr/wp-json/oembed/1.0/embedbdec.json]
[www.coenove.fr/wp-json/oembed/1.0/embed7d9f]
[www.coenove.fr/faq/le-gaz-est-une-energie-fossile-mais/index.html]
[www.coenove.fr/espace-presse/quel-est-le-vrai-impact-carbone-de-lelectricite/index.html]
[www.coenove.fr/app/uploads/2024/01/Olivier_Dauger1_web-900px-1.jpg]
[www.coenove.fr/observatoire-solutions/debat-idees/3-questions-a-olivier-dauger-co-president-de-france-gaz-renouvelables/index.html]
[www.coenove.fr/app/uploads/2024/01/220506repon_jean-christophe016-1024x997.jpg]
[www.coenove.fr/observatoire-solutions/debat-idees/3-questions-a-jean-christophe-repon-president-de-la-capeb/index.html]
[www.coenove.fr/app/uploads/2023/12/Sylvain-Waserman_PDG-ADEME_Portrait-HD_©Jean-Chiscano-scaled-e1701867969480-1024x688.jpg]
[www.coenove.fr/observatoire-solutions/debat-idees/3-questions-a-sylvain-waserman-president-directeur-general-de-lademe/index.html]
[www.coenove.fr/app/uploads/2023/10/Portrait-1024x879.jpg]
[www.coenove.fr/app/uploads/2023/10/Gaz-et-Territoires_Couleur_Baseline-300x150.jpg]
[www.coenove.fr/observatoire-solutions/debat-idees/le-spegnn-devient-gaz-et-territoires-pouvez-vous-nous-expliquer-cette-nouvelle-denomination/index.html]
[www.coenove.fr/espace-presse/gaz-vert-dans-le-batiment-la-filiere-accelere/index.html]
[www.coenove.fr/app/uploads/2023/10/005-230105-USH-Portrait-DLG-Emmanuelle-Cosse-2P8A1222-1-799x1024.jpg]
[www.coenove.fr/observatoire-solutions/debat-idees/3-questions-a-emmanuelle-cosse-presidente-de-lunion-sociale-pour-lhabitat/index.html]
[www.coenove.fr/app/uploads/2023/09/386686-1024x731.jpg]
[www.coenove.fr/app/uploads/2023/09/Capture-decran-2023-09-04-a-17.14.36-300x147.png]
[www.coenove.fr/observatoire-solutions/debat-idees/3-questions-a-cecile-previeu-directrice-generale-adjointe-en-charge-des-activites-infrastructures/index.html]
[www.coenove.fr/app/uploads/2023/07/BM-1-1024x1014.jpg]
[www.coenove.fr/observatoire-solutions/debat-idees/3-questions-a-bruno-millienne-depute-des-yvelines/index.html]
[www.coenove.fr/app/uploads/2023/06/Antoine-Armand-scaled-e1685723737865-838x1024.jpg]
[www.coenove.fr/observatoire-solutions/debat-idees/3-questions-a-antoine-armand-depute-de-haute-savoie/index.html]
[www.coenove.fr/app/uploads/2023/04/photo-officielle-Emmanuelle-WARGON-scaled-e1682610557240-933x1024.jpg]
[www.coenove.fr/app/uploads/2023/01/download-1.png]
[www.coenove.fr/observatoire-solutions/debat-idees/emmanuelle-wargon/index.html]
[www.coenove.fr/espace-presse/lunion-sociale-pour-lhabitat-ush-rejoint-lassociation-coenove/index.html]
[www.coenove.fr/espace-presse/participation-de-coenove-aux-21es-rencontres-po/index.html]
[www.coenove.fr/app/uploads/2023/04/Photo-Zulesi-1024x683.jpg]
[www.coenove.fr/observatoire-solutions/debat-idees/3-questions-a-jean-marc-zulesi-president-de-la-commission-du-developpement-durable-et-de-lamenagement-du-territoire/index.html]
[www.coenove.fr/observatoire-solutions/innovations-technologies/r.html]
[www.coenove.fr/observatoire-solutions/innovations-technologies/Firefox/index.html]
[www.coenove.fr/index0b1f.html]
[www.coenove.fr/wp-json/oembed/1.0/embed6ef6.json]
[www.coenove.fr/wp-json/oembed/1.0/embed5a04]
[www.coenove.fr/app/uploads/2022/03/Fichesolution-1024x532.png]
[www.coenove.fr/observatoire-solutions/innovations-technologies/fiche-solution-coenove-la-chaudiere-gaz-thpe/index.html]
[www.coenove.fr/app/uploads/2022/04/COENOVE_PLAQUETTE_PAC-HYBRIDE-vdef-compresse.pdf]
[www.coenove.fr/observatoire-solutions/innovations-technologies/fiche-solution-coenove-la-pac-hybride/index.html]
[coenove.fr/app/uploads/2022/03/Capture-decran-2022-03-17-a-23.05.17-1024x628.png]
[coenove.fr/app/uploads/2022/03/Capture-decran-2022-03-18-a-20.57.41-e1647633692611.png]
[www.coenove.fr/observatoire-solutions/innovations-technologies/pac-gaz/index.html]
[coenove.fr/app/uploads/2022/03/Capture-decran-2022-03-18-a-08.02.26-1024x566.png]
[coenove.fr/app/uploads/2022/03/Capture-decran-2022-03-18-a-08.13.54.png]
[coenove.fr/app/uploads/2022/03/Capture-decran-2022-03-18-a-08.18.33-1024x653.png]
[www.coenove.fr/observatoire-solutions/innovations-technologies/pile-a-combustible/index.html]
[www.coenove.fr/observatoire-solutions/innovations-technologies/biogaz-et-biomethane-injecte-dans-le-reseau-gaz-une-energie-renouvelable-a-part-entiere/index.html]
[www.coenove.fr/observatoire-solutions/innovations-technologies/le-power-to-gas-une-solution-davenir-pour-stocker-lelectricite-dorigine-renouvelable/index.html]
[www.coenove.fr/app/uploads/2022/03/Fiche-1024x529.jpg]
[www.coenove.fr/app/uploads/2022/02/fiche_micro_cogeneration.pdf]
[www.coenove.fr/observatoire-solutions/innovations-technologies/micro-cogeneration/index.html]
[www.coenove.fr/app/uploads/2022/02/fiche_pac_gaz_a_zeolithe_vdef.pdf]
[www.coenove.fr/observatoire-solutions/innovations-technologies/pompe-a-chaleur-gaz-zeolithe/index.html]
[www.coenove.fr/observatoire-solutions/mon-etiquette-chaudiere/r.html]
[www.coenove.fr/observatoire-solutions/mon-etiquette-chaudiere/Firefox/index.html]
[www.coenove.fr/indexb022.html]
[www.coenove.fr/wp-json/oembed/1.0/embedabef.json]
[www.coenove.fr/wp-json/oembed/1.0/embeda857]
[www.coenove.fr/app/uploads/2022/03/Test2-1024x533.jpg]
[www.coenove.fr/app/uploads/2022/02/communique_de_presse_mon_etiquette_chaudiere_dec2020_0.pdf]
[www.coenove.fr/espace-presse/mon-etiquette-chaudiere-loutil-indispensable-des-professionnels-pour-repondre-aux-nouvelles-obligations-reglementaires/index.html]
[www.coenove.fr/travaux/prises-de-parole/les-gaz-renouvelables-sont-un-prerequis-indispensable-pour-reussir-la-decarbonation-du-batiment/r.html]
[www.coenove.fr/travaux/prises-de-parole/les-gaz-renouvelables-sont-un-prerequis-indispensable-pour-reussir-la-decarbonation-du-batiment/Firefox/index.html]
[www.coenove.fr/index8639.html]
[www.coenove.fr/wp-json/oembed/1.0/embed9d82.json]
[www.coenove.fr/wp-json/oembed/1.0/embed0690]
[www.coenove.fr/app/uploads/2024/02/Conference-1024x768.jpg]
[www.coenove.fr/actualites/coenove-a-enerjmeeting-paris-2024/index.html]
[www.coenove.fr/app/uploads/2024/01/Photo-methaniseur-1024x768.jpg]
[www.coenove.fr/actualites/coenove-a-la-rencontre-des-agriculteurs-methaniseurs/index.html]
[www.coenove.fr/actualites/coenove-au-salon-international-de-lagriculture-2024/r.html]
[www.coenove.fr/actualites/coenove-au-salon-international-de-lagriculture-2024/Firefox/index.html]
[www.coenove.fr/indexc8b6.html]
[www.coenove.fr/wp-json/oembed/1.0/embed0272.json]
[www.coenove.fr/wp-json/oembed/1.0/embed0deb]
[www.coenove.fr/espace-presse/valorisation-du-co2/r.html]
[www.coenove.fr/espace-presse/valorisation-du-co2/Firefox/index.html]
[www.coenove.fr/index564c.html]
[www.coenove.fr/wp-json/oembed/1.0/embedb14d.json]
[www.coenove.fr/wp-json/oembed/1.0/embed91c3]
[www.coenove.fr/liste-des-actualites/Firefox/index.html]
[www.coenove.fr/index0d0b.html]
[www.coenove.fr/wp-json/oembed/1.0/embed76d2.json]
[www.coenove.fr/wp-json/oembed/1.0/embed68e0]
[www.coenove.fr/5-idees-recues/la-chaudiere-est-elle-un-equipement-du-passe/r.html]
[www.coenove.fr/5-idees-recues/la-chaudiere-est-elle-un-equipement-du-passe/Firefox/index.html]
[www.coenove.fr/indexbd0a.html]
[www.coenove.fr/wp-json/oembed/1.0/embed3463.json]
[www.coenove.fr/wp-json/oembed/1.0/embed0eb4]
[www.coenove.fr/5-idees-recues/index.html]
[www.coenove.fr/5-idees-recues/la-pac-electrique-est-le-seul-equipement-pour-decarboner-le-batiment-faux/r.html]
[www.coenove.fr/5-idees-recues/la-pac-electrique-est-le-seul-equipement-pour-decarboner-le-batiment-faux/Firefox/index.html]
[www.coenove.fr/index99a6.html]
[www.coenove.fr/wp-json/oembed/1.0/embed4225.json]
[www.coenove.fr/wp-json/oembed/1.0/embed641e]
[www.coenove.fr/newsletters/r.html]
[www.coenove.fr/newsletters/Firefox/index.html]
[www.coenove.fr/newsletters/page/2/index.html]
[www.coenove.fr/newsletters/page/3/index.html]
[www.coenove.fr/newsletters/nesquivons-pas-le-debat-democratique-sur-la-programmation-pluriannuelle-de-lenergie/index.html]
[www.coenove.fr/app/uploads/2024/01/Lettre-de-Coenove-janvier-2024.pdf]
[www.coenove.fr/newsletters/taxes-sur-lenergie-soyons-vigilants-a-ne-pas-jouer-avec-le-feu/index.html]
[www.coenove.fr/app/uploads/2023/12/Lettre-de-Coenove-dec-2023.pdf]
[www.coenove.fr/newsletters/lettre-mensuelle-de-coenove-nomvembre-2023/index.html]
[www.coenove.fr/app/uploads/2023/11/Lettre-de-coneove-oct.pdf]
[www.coenove.fr/newsletters/lettre-mensuelle-de-coenove/index.html]
[www.coenove.fr/app/uploads/2023/11/Lettre-de-Coenove-septembre-scaled.jpg]
[www.coenove.fr/newsletters/lettre-mensuelle-de-coenove-septembre/index.html]
[www.coenove.fr/app/uploads/2023/10/Lettre-de-Coenove-aout-2023.pdf]
[www.coenove.fr/newsletters/lettre-mensuelle-de-coenove-aout-2023/index.html]
[www.coenove.fr/app/uploads/2023/07/Coenove-juillet-.pdf]
[www.coenove.fr/newsletters/lettre-mensuelle-de-coenove-juin-2023/index.html]
[www.coenove.fr/app/uploads/2023/07/Coenove-Juin.pdf]
[www.coenove.fr/newsletters/lettre-mensuelle-de-coenove-mai-2023/index.html]
[www.coenove.fr/app/uploads/2023/07/Coenove-mai.pdf]
[www.coenove.fr/newsletters/lettre-mensuelle-de-coenove-avril-2023/index.html]
[www.coenove.fr/app/uploads/2023/07/Coenove-avril-.pdf]
[www.coenove.fr/newsletters/lettre-mensuelle-de-coenove-mars-2023/index.html]
[www.coenove.fr/espace-presse/Firefox/index.html]
[www.coenove.fr/indexf8fc.html]
[www.coenove.fr/wp-json/oembed/1.0/embedc44b.json]
[www.coenove.fr/wp-json/oembed/1.0/embedde08]
[www.coenove.fr/app/uploads/2023/11/4-1024x683.jpg]
[www.coenove.fr/app/uploads/2023/11/CP-Flash-signature.pdf]
[www.coenove.fr/espace-presse/sobriete-des-batiments-tertiaires-prives/index.html]
[www.coenove.fr/app/uploads/2023/10/CP_Innogaz-.pdf]
[www.coenove.fr/espace-presse/les-infrastructures-gaz/index.html]
[www.coenove.fr/app/uploads/2023/11/Flashinfo_reaction-JCCR.pdf]
[www.coenove.fr/espace-presse/projet-daugmentation-de-la-tva-sur-les-chaudieres-gaz-de-55-a-20-coenove-reagit/index.html]
[www.coenove.fr/app/uploads/2023/09/Projet-CP_Etude-Artelys-RTE_vdef.pdf]
[www.coenove.fr/espace-presse/bilan-previsionnel-de-rte/index.html]
[www.coenove.fr/app/uploads/2023/09/Capture-decran-2023-09-13-a-11.36.23-e1694597903180-1024x797.jpg]
[www.coenove.fr/app/uploads/2023/09/Capture-decran-2023-09-13-a-11.39.09-300x48.png]
[www.coenove.fr/app/uploads/2023/09/Capture-decran-2023-09-13-a-11.33.29-300x146.png]
[www.coenove.fr/app/uploads/2023/09/CP_Renodays_Mentiongazvert_vdef.pdf]
[www.coenove.fr/espace-presse/mention-gaz-vert/index.html]
[www.coenove.fr/app/uploads/2023/08/Capture-decran-2023-08-28-a-11.45.26-1024x597.png]
[www.coenove.fr/app/uploads/2023/08/P048_Horscadre_EM1804_VM56-808x1024.jpg]
[www.coenove.fr/app/uploads/2023/08/P048_Horscadre_EM1804_VM56.pdf]
[www.coenove.fr/espace-presse/portrait-de-jean-charles-colas-roy/index.html]
[www.coenove.fr/contactez-nous/Firefox/index.html]
[www.coenove.fr/index8989.html]
[www.coenove.fr/wp-json/oembed/1.0/embedb710.json]
[www.coenove.fr/wp-json/oembed/1.0/embed2930]
[www.coenove.fr/app/plugins/gravityforms/images/spinner.svg]
[www.coenove.fr/mentions-legales/Firefox/index.html]
[www.coenove.fr/indexc725.html]
[www.coenove.fr/wp-json/oembed/1.0/embed99e9.json]
[www.coenove.fr/wp-json/oembed/1.0/embed455d]
[www.coenove.fr/politique-de-confidentialite-et-vie-privee/Firefox/index.html]
[www.coenove.fr/index197a.html]
[www.coenove.fr/wp-json/oembed/1.0/embed0f5b.json]
[www.coenove.fr/wp-json/oembed/1.0/embed06d0]
[www.coenove.fr/travaux/etudes/les-solutions-hydrogene-pour-le-batiment/r.html]
[www.coenove.fr/travaux/etudes/les-solutions-hydrogene-pour-le-batiment/Firefox/index.html]
[www.coenove.fr/index0273.html]
[www.coenove.fr/wp-json/oembed/1.0/embed672c.json]
[www.coenove.fr/wp-json/oembed/1.0/embed57a3]
[www.coenove.fr/travaux/etudes/artelys/r.html]
[www.coenove.fr/travaux/etudes/artelys/Firefox/index.html]
[www.coenove.fr/indexee0c.html]
[www.coenove.fr/wp-json/oembed/1.0/embed69a1.json]
[www.coenove.fr/wp-json/oembed/1.0/embed4c44]
[www.coenove.fr/travaux/etudes/scenarios-alternatifs-a-la-snbc-concernant-le-mix-de-chauffage-residentiel/r.html]
[www.coenove.fr/travaux/etudes/scenarios-alternatifs-a-la-snbc-concernant-le-mix-de-chauffage-residentiel/Firefox/index.html]
[www.coenove.fr/index6ccc.html]
[www.coenove.fr/wp-json/oembed/1.0/embeddb46.json]
[www.coenove.fr/wp-json/oembed/1.0/embed286e]
[www.coenove.fr/travaux/etudes/snbc-dans-le-residentiel-un-meilleur-scenario-est-possible/r.html]
[www.coenove.fr/travaux/etudes/snbc-dans-le-residentiel-un-meilleur-scenario-est-possible/Firefox/index.html]
[www.coenove.fr/indexd78c.html]
[www.coenove.fr/wp-json/oembed/1.0/embeda2a7.json]
[www.coenove.fr/wp-json/oembed/1.0/embed7fdb]
[www.coenove.fr/travaux/etudes/developpement-de-la-chaleur-renouvelable-vers-une-rationalisation-des-financements-publics/r.html]
[www.coenove.fr/travaux/etudes/developpement-de-la-chaleur-renouvelable-vers-une-rationalisation-des-financements-publics/Firefox/index.html]
[www.coenove.fr/indexa4b6.html]
[www.coenove.fr/wp-json/oembed/1.0/embedf446.json]
[www.coenove.fr/wp-json/oembed/1.0/embed39cd]
[www.coenove.fr/travaux/etudes/impact-de-la-rt-2012-dans-le-logement-neuf-analyse-coenove/r.html]
[www.coenove.fr/travaux/etudes/impact-de-la-rt-2012-dans-le-logement-neuf-analyse-coenove/Firefox/index.html]
[www.coenove.fr/indexe6f0.html]
[www.coenove.fr/wp-json/oembed/1.0/embed58b1.json]
[www.coenove.fr/wp-json/oembed/1.0/embed9c54]
[www.coenove.fr/travaux/etudes/quel-scenario-pour-un-parc-de-logements-sobre-en-carbone/r.html]
[www.coenove.fr/travaux/etudes/quel-scenario-pour-un-parc-de-logements-sobre-en-carbone/Firefox/index.html]
[www.coenove.fr/indexb190.html]
[www.coenove.fr/wp-json/oembed/1.0/embed61a5.json]
[www.coenove.fr/wp-json/oembed/1.0/embedd446]
[www.coenove.fr/travaux/contributions/consultation-publique-sur-la-strategie-francaise-energie-climat-2024-2035-la-contribution-de-coenove/r.html]
[www.coenove.fr/travaux/contributions/consultation-publique-sur-la-strategie-francaise-energie-climat-2024-2035-la-contribution-de-coenove/Firefox/index.html]
[www.coenove.fr/index57b6.html]
[www.coenove.fr/wp-json/oembed/1.0/embed2ae6.json]
[www.coenove.fr/wp-json/oembed/1.0/embedc711]
[www.coenove.fr/travaux/contributions/contribution-de-coenove-a-la-consultation-sur-le-run2-du-gt-batiment-de-la-snbc/r.html]
[www.coenove.fr/travaux/contributions/contribution-de-coenove-a-la-consultation-sur-le-run2-du-gt-batiment-de-la-snbc/Firefox/index.html]
[www.coenove.fr/index4775.html]
[www.coenove.fr/wp-json/oembed/1.0/embed142f.json]
[www.coenove.fr/wp-json/oembed/1.0/embed82d2]
[www.coenove.fr/travaux/contributions/consultation-publique-de-la-cre-sur-le-prochain/r.html]
[www.coenove.fr/travaux/contributions/consultation-publique-de-la-cre-sur-le-prochain/Firefox/index.html]
[www.coenove.fr/indexede1.html]
[www.coenove.fr/wp-json/oembed/1.0/embed9ecb.json]
[www.coenove.fr/wp-json/oembed/1.0/embed1588]
[www.coenove.fr/espace-presse/accelerer-le-developpement-de-la-pac-hybride-une-solution-meconnue-pour-decarboner-le-batiment/index.html]
[www.coenove.fr/espace-presse/halte-aux-idees-recues-malgre-la-re2020-le-gaz-a-toujours-un-avenir-dans-le-batiment/index.html]
[www.coenove.fr/travaux/contributions/concertation-publique-sur-la-decarbonation-du-batiment/r.html]
[www.coenove.fr/travaux/contributions/concertation-publique-sur-la-decarbonation-du-batiment/Firefox/index.html]
[www.coenove.fr/index13cc.html]
[www.coenove.fr/wp-json/oembed/1.0/embed9f3d.json]
[www.coenove.fr/wp-json/oembed/1.0/embedaa61]
[www.coenove.fr/travaux/contributions/rte/r.html]
[www.coenove.fr/travaux/contributions/rte/Firefox/index.html]
[www.coenove.fr/index1e78.html]
[www.coenove.fr/wp-json/oembed/1.0/embed1e63.json]
[www.coenove.fr/wp-json/oembed/1.0/embed9e8a]
[www.coenove.fr/travaux/contributions/ppe-la-contribution-de-coenove-a-latelier-chaleur-et-froid-renouvelable-dans-le-residentiel-et-le-tertiaire/r.html]
[www.coenove.fr/travaux/contributions/ppe-la-contribution-de-coenove-a-latelier-chaleur-et-froid-renouvelable-dans-le-residentiel-et-le-tertiaire/Firefox/index.html]
[www.coenove.fr/index1ea8.html]
[www.coenove.fr/wp-json/oembed/1.0/embed51cf.json]
[www.coenove.fr/wp-json/oembed/1.0/embed2a88]
[www.coenove.fr/travaux/contributions/sfec-la-contribution-de-coenove-au-run1-du-gt-batiment/r.html]
[www.coenove.fr/travaux/contributions/sfec-la-contribution-de-coenove-au-run1-du-gt-batiment/Firefox/index.html]
[www.coenove.fr/index9eff.html]
[www.coenove.fr/wp-json/oembed/1.0/embeda984.json]
[www.coenove.fr/wp-json/oembed/1.0/embed7f30]
[www.coenove.fr/travaux/contributions/decret-relatif-au-dispositif-de-certificats-de-production-de-biogaz/r.html]
[www.coenove.fr/travaux/contributions/decret-relatif-au-dispositif-de-certificats-de-production-de-biogaz/Firefox/index.html]
[www.coenove.fr/index3153.html]
[www.coenove.fr/wp-json/oembed/1.0/embed9999.json]
[www.coenove.fr/wp-json/oembed/1.0/embed9cb6]
[www.coenove.fr/travaux/contributions/projet-de-decret-relatif-a-laccompagnement-obligatoire-en-application-de-larticle-164-de-la-loi-climat-et-resilience/r.html]
[www.coenove.fr/travaux/contributions/projet-de-decret-relatif-a-laccompagnement-obligatoire-en-application-de-larticle-164-de-la-loi-climat-et-resilience/Firefox/index.html]
[www.coenove.fr/index2a8d.html]
[www.coenove.fr/wp-json/oembed/1.0/embed23dd.json]
[www.coenove.fr/wp-json/oembed/1.0/embed4d86]
[www.coenove.fr/travaux/contributions/presidentielle-2022-plateforme-coenove/r.html]
[www.coenove.fr/travaux/contributions/presidentielle-2022-plateforme-coenove/Firefox/index.html]
[www.coenove.fr/index1426.html]
[www.coenove.fr/wp-json/oembed/1.0/embeded1b.json]
[www.coenove.fr/wp-json/oembed/1.0/embed96f7]
[www.coenove.fr/travaux/prises-de-parole/politique-energetique-coenove-sexprime-sur-les-perspectives-pour-la-filiere-gaz-dans-le-secteur-des-batiments/r.html]
[www.coenove.fr/travaux/prises-de-parole/politique-energetique-coenove-sexprime-sur-les-perspectives-pour-la-filiere-gaz-dans-le-secteur-des-batiments/Firefox/index.html]
[www.coenove.fr/index5b90.html]
[www.coenove.fr/wp-json/oembed/1.0/embedf8bc.json]
[www.coenove.fr/wp-json/oembed/1.0/embedd783]
[www.coenove.fr/travaux/prises-de-parole/economie-circulaire-les-atouts-des-gaz-renouvelables-dans-les-territoires/r.html]
[www.coenove.fr/travaux/prises-de-parole/economie-circulaire-les-atouts-des-gaz-renouvelables-dans-les-territoires/Firefox/index.html]
[www.coenove.fr/indexa6b4.html]
[www.coenove.fr/wp-json/oembed/1.0/embed0368.json]
[www.coenove.fr/wp-json/oembed/1.0/embed323b]
[www.coenove.fr/travaux/prises-de-parole/les-debats-bip-enerpresse-assurer-la-decarbonation-du-batiment/r.html]
[www.coenove.fr/travaux/prises-de-parole/les-debats-bip-enerpresse-assurer-la-decarbonation-du-batiment/Firefox/index.html]
[www.coenove.fr/index1fe5.html]
[www.coenove.fr/wp-json/oembed/1.0/embedc263.json]
[www.coenove.fr/wp-json/oembed/1.0/embedb407]
[www.coenove.fr/travaux/prises-de-parole/chaudieres-a-gaz-ca-chauffe-on-parle-immo-sur-sud-radio-24-juin-2023/r.html]
[www.coenove.fr/travaux/prises-de-parole/chaudieres-a-gaz-ca-chauffe-on-parle-immo-sur-sud-radio-24-juin-2023/Firefox/index.html]
[www.coenove.fr/index27d5.html]
[www.coenove.fr/wp-json/oembed/1.0/embed6b31.json]
[www.coenove.fr/wp-json/oembed/1.0/embed480c]
[www.coenove.fr/travaux/prises-de-parole/renovons-dabord-les-batiments-avant-de-changer-les-chauffages/r.html]
[www.coenove.fr/travaux/prises-de-parole/renovons-dabord-les-batiments-avant-de-changer-les-chauffages/Firefox/index.html]
[www.coenove.fr/index8578.html]
[www.coenove.fr/wp-json/oembed/1.0/embed0dd4.json]
[www.coenove.fr/wp-json/oembed/1.0/embed9e1d]
[www.coenove.fr/travaux/prises-de-parole/les-gaz-verts-un-atout-majeur-au-service-de-la-decarbonation/r.html]
[www.coenove.fr/travaux/prises-de-parole/les-gaz-verts-un-atout-majeur-au-service-de-la-decarbonation/Firefox/index.html]
[www.coenove.fr/index0180.html]
[www.coenove.fr/wp-json/oembed/1.0/embedafc6.json]
[www.coenove.fr/wp-json/oembed/1.0/embed60bf]
[www.coenove.fr/travaux/prises-de-parole/projet-dinterdiction-des-chaudieres-au-gaz-dans-les-batiments-une-fausse-bonne-idee/r.html]
[www.coenove.fr/travaux/prises-de-parole/projet-dinterdiction-des-chaudieres-au-gaz-dans-les-batiments-une-fausse-bonne-idee/Firefox/index.html]
[www.coenove.fr/index9d44.html]
[www.coenove.fr/wp-json/oembed/1.0/embeda2ba.json]
[www.coenove.fr/wp-json/oembed/1.0/embed9c18]
[www.coenove.fr/travaux/prises-de-parole/projet-dinterdiction-des-chaudieres-au-gaz-dans/r.html]
[www.coenove.fr/travaux/prises-de-parole/projet-dinterdiction-des-chaudieres-au-gaz-dans/Firefox/index.html]
[www.coenove.fr/indexf820.html]
[www.coenove.fr/wp-json/oembed/1.0/embed9dd2.json]
[www.coenove.fr/wp-json/oembed/1.0/embedefe4]
[www.coenove.fr/travaux/prises-de-parole/une-interdiction-brutale-de-la-chaudiere-gaz-aurait-des-consequences-deleteres/r.html]
[www.coenove.fr/travaux/prises-de-parole/une-interdiction-brutale-de-la-chaudiere-gaz-aurait-des-consequences-deleteres/Firefox/index.html]
[www.coenove.fr/index5b92.html]
[www.coenove.fr/wp-json/oembed/1.0/embed0512.json]
[www.coenove.fr/wp-json/oembed/1.0/embed89c5]
[www.coenove.fr/travaux/evenements/captation-co2/r.html]
[www.coenove.fr/travaux/evenements/captation-co2/Firefox/index.html]
[www.coenove.fr/index3fa0.html]
[www.coenove.fr/wp-json/oembed/1.0/embedaee5.json]
[www.coenove.fr/wp-json/oembed/1.0/embedc03d]
[www.coenove.fr/app/uploads/2024/02/Conference-H2.jpg]
[www.coenove.fr/app/uploads/2024/02/Capture-decran-2024-02-01-a-15.46.31-213x300.png]
[www.coenove.fr/actualites/coenove-au-salon-hyvolution-paris-2024/index.html]
[www.coenove.fr/travaux/evenements/innogaz-les-infrastructures-gaz-un-reseau-robuste-pilotable-et-adaptable-face-aux-defis-de-la-transition-energetique/r.html]
[www.coenove.fr/travaux/evenements/innogaz-les-infrastructures-gaz-un-reseau-robuste-pilotable-et-adaptable-face-aux-defis-de-la-transition-energetique/Firefox/index.html]
[www.coenove.fr/index83ee.html]
[www.coenove.fr/wp-json/oembed/1.0/embed9be9.json]
[www.coenove.fr/wp-json/oembed/1.0/embed3fd8]
[www.coenove.fr/espace-presse/rojet-dinterdiction-des-chaudieres-au-gaz-dans-les-batiments-une-fausse-bonne-idee/index.html]
[www.coenove.fr/travaux/evenements/innogaz-la-chaudiere-decarbonante-de-demain-mars-2023/r.html]
[www.coenove.fr/travaux/evenements/innogaz-la-chaudiere-decarbonante-de-demain-mars-2023/Firefox/index.html]
[www.coenove.fr/index5b4f.html]
[www.coenove.fr/wp-json/oembed/1.0/embed179f.json]
[www.coenove.fr/wp-json/oembed/1.0/embed4b3e]
[www.coenove.fr/travaux/evenements/power-to-gas/r.html]
[www.coenove.fr/travaux/evenements/power-to-gas/Firefox/index.html]
[www.coenove.fr/indexe6fd.html]
[www.coenove.fr/wp-json/oembed/1.0/embede2cd.json]
[www.coenove.fr/wp-json/oembed/1.0/embedbbc4]
[www.coenove.fr/travaux/evenements/innogaz-le-book-un-resume-des-12-deniers-pitchs/r.html]
[www.coenove.fr/travaux/evenements/innogaz-le-book-un-resume-des-12-deniers-pitchs/Firefox/index.html]
[www.coenove.fr/indexd470.html]
[www.coenove.fr/wp-json/oembed/1.0/embed2058.json]
[www.coenove.fr/wp-json/oembed/1.0/embed91b6]
[www.coenove.fr/travaux/evenements/innogaz-renovmc-gaz-une-solution-pour-la-renovation-energetique-des-logements-collectifs-novembre-2022/r.html]
[www.coenove.fr/travaux/evenements/innogaz-renovmc-gaz-une-solution-pour-la-renovation-energetique-des-logements-collectifs-novembre-2022/Firefox/index.html]
[www.coenove.fr/index9625.html]
[www.coenove.fr/wp-json/oembed/1.0/embedaae2.json]
[www.coenove.fr/wp-json/oembed/1.0/embed5508]
[www.coenove.fr/travaux/evenements/innogaz-lhybride-un-choix-sans-regret-pour-la-flexibilite-mai-2022-2/r.html]
[www.coenove.fr/travaux/evenements/innogaz-lhybride-un-choix-sans-regret-pour-la-flexibilite-mai-2022-2/Firefox/index.html]
[www.coenove.fr/indexd3cd.html]
[www.coenove.fr/wp-json/oembed/1.0/embedebe1.json]
[www.coenove.fr/wp-json/oembed/1.0/embed5c4c]
[www.coenove.fr/travaux/evenements/innogaz-le-rendez-vous-de-linnovation-de-la-filiere-gaz/r.html]
[www.coenove.fr/travaux/evenements/innogaz-le-rendez-vous-de-linnovation-de-la-filiere-gaz/Firefox/index.html]
[www.coenove.fr/indexcb89.html]
[www.coenove.fr/wp-json/oembed/1.0/embed8054.json]
[www.coenove.fr/wp-json/oembed/1.0/embed21ae]
[www.coenove.fr/travaux/evenements/innogaz-le-rendez-vous-de-linnovation-de-la-filiere-gaz-2/r.html]
[www.coenove.fr/travaux/evenements/innogaz-le-rendez-vous-de-linnovation-de-la-filiere-gaz-2/Firefox/index.html]
[www.coenove.fr/index456c.html]
[www.coenove.fr/wp-json/oembed/1.0/embed1187.json]
[www.coenove.fr/wp-json/oembed/1.0/embed3cb3]
[www.coenove.fr/espace-presse/la-filiere-gaz-lance-le-concours-pac-hybride-po/r.html]
[www.coenove.fr/espace-presse/la-filiere-gaz-lance-le-concours-pac-hybride-po/Firefox/index.html]
[www.coenove.fr/indexd0e6.html]
[www.coenove.fr/wp-json/oembed/1.0/embed8168.json]
[www.coenove.fr/wp-json/oembed/1.0/embed6720]
[www.coenove.fr/espace-presse/reaction-de-jean-charles-colas-roy-president-de/r.html]
[www.coenove.fr/espace-presse/reaction-de-jean-charles-colas-roy-president-de/Firefox/index.html]
[www.coenove.fr/indexa9bf.html]
[www.coenove.fr/wp-json/oembed/1.0/embed2850.json]
[www.coenove.fr/wp-json/oembed/1.0/embed9dcf]
[www.coenove.fr/espace-presse/politique-energetique-coenove-sexprime-sur-les-perspectives-pour-la-filiere-gaz-dans-le-secteur-des-batiments/r.html]
[www.coenove.fr/espace-presse/politique-energetique-coenove-sexprime-sur-les-perspectives-pour-la-filiere-gaz-dans-le-secteur-des-batiments/Firefox/index.html]
[www.coenove.fr/index97da.html]
[www.coenove.fr/wp-json/oembed/1.0/embed1b66.json]
[www.coenove.fr/wp-json/oembed/1.0/embedb4fc]
[www.coenove.fr/5-idees-recues/la-pac-hybride-gaz-nest-quune-technologie-de-transition-faux/r.html]
[www.coenove.fr/5-idees-recues/la-pac-hybride-gaz-nest-quune-technologie-de-transition-faux/Firefox/index.html]
[www.coenove.fr/index1865.html]
[www.coenove.fr/wp-json/oembed/1.0/embed4ac3.json]
[www.coenove.fr/wp-json/oembed/1.0/embede415]
[www.coenove.fr/5-idees-recues/le-gaz-est-interdit-dans-les-logements-faux/r.html]
[www.coenove.fr/5-idees-recues/le-gaz-est-interdit-dans-les-logements-faux/Firefox/index.html]
[www.coenove.fr/indexe87f.html]
[www.coenove.fr/wp-json/oembed/1.0/embeda8fd.json]
[www.coenove.fr/wp-json/oembed/1.0/embed768f]
[www.coenove.fr/5-idees-recues/les-gisements-des-gaz-renouvelables-sont-insuffisants-faux/r.html]
[www.coenove.fr/5-idees-recues/les-gisements-des-gaz-renouvelables-sont-insuffisants-faux/Firefox/index.html]
[www.coenove.fr/index582f.html]
[www.coenove.fr/wp-json/oembed/1.0/embed4569.json]
[www.coenove.fr/wp-json/oembed/1.0/embed1d5d]
[www.coenove.fr/en-savoir-plus-sur-lenergie-primaire-et-lenergie-finale/Firefox/index.html]
[www.coenove.fr/index8fe5.html]
[www.coenove.fr/wp-json/oembed/1.0/embeda5f0.json]
[www.coenove.fr/wp-json/oembed/1.0/embeded90]
[www.coenove.fr/faq/le-gaz-est-une-energie-fossile-mais/index.html]
[www.coenove.fr/app/uploads/2022/02/20210715_gtbasecarbone.pdf]
[www.coenove.fr/espace-presse/quel-est-le-vrai-impact-carbone-de-lelectricite/index.html]
[www.coenove.fr/observatoire-solutions/debat-idees/3-questions-a-olivier-dauger-co-president-de-france-gaz-renouvelables/r.html]
[www.coenove.fr/observatoire-solutions/debat-idees/3-questions-a-olivier-dauger-co-president-de-france-gaz-renouvelables/Firefox/index.html]
[www.coenove.fr/index8bf8.html]
[www.coenove.fr/wp-json/oembed/1.0/embed4a0d.json]
[www.coenove.fr/wp-json/oembed/1.0/embed9a4e]
[www.coenove.fr/observatoire-solutions/debat-idees/3-questions-a-jean-christophe-repon-president-de-la-capeb/r.html]
[www.coenove.fr/observatoire-solutions/debat-idees/3-questions-a-jean-christophe-repon-president-de-la-capeb/Firefox/index.html]
[www.coenove.fr/index2a5c.html]
[www.coenove.fr/wp-json/oembed/1.0/embedb0ed.json]
[www.coenove.fr/wp-json/oembed/1.0/embed7120]
[www.coenove.fr/observatoire-solutions/debat-idees/3-questions-a-sylvain-waserman-president-directeur-general-de-lademe/r.html]
[www.coenove.fr/observatoire-solutions/debat-idees/3-questions-a-sylvain-waserman-president-directeur-general-de-lademe/Firefox/index.html]
[www.coenove.fr/index8698.html]
[www.coenove.fr/wp-json/oembed/1.0/embed8c99.json]
[www.coenove.fr/wp-json/oembed/1.0/embede624]
[www.coenove.fr/observatoire-solutions/debat-idees/le-spegnn-devient-gaz-et-territoires-pouvez-vous-nous-expliquer-cette-nouvelle-denomination/r.html]
[www.coenove.fr/observatoire-solutions/debat-idees/le-spegnn-devient-gaz-et-territoires-pouvez-vous-nous-expliquer-cette-nouvelle-denomination/Firefox/index.html]
[www.coenove.fr/index4fb4.html]
[www.coenove.fr/wp-json/oembed/1.0/embed8325.json]
[www.coenove.fr/wp-json/oembed/1.0/embed5c63]
[www.coenove.fr/app/uploads/2022/09/0928CP_Mentiongazvert.pdf]
[www.coenove.fr/espace-presse/gaz-vert-dans-le-batiment-la-filiere-accelere/index.html]
[www.coenove.fr/observatoire-solutions/debat-idees/3-questions-a-emmanuelle-cosse-presidente-de-lunion-sociale-pour-lhabitat/r.html]
[www.coenove.fr/observatoire-solutions/debat-idees/3-questions-a-emmanuelle-cosse-presidente-de-lunion-sociale-pour-lhabitat/Firefox/index.html]
[www.coenove.fr/index361a.html]
[www.coenove.fr/wp-json/oembed/1.0/embed0ec4.json]
[www.coenove.fr/wp-json/oembed/1.0/embed2432]
[www.coenove.fr/observatoire-solutions/debat-idees/3-questions-a-cecile-previeu-directrice-generale-adjointe-en-charge-des-activites-infrastructures/r.html]
[www.coenove.fr/observatoire-solutions/debat-idees/3-questions-a-cecile-previeu-directrice-generale-adjointe-en-charge-des-activites-infrastructures/Firefox/index.html]
[www.coenove.fr/index8f7c.html]
[www.coenove.fr/wp-json/oembed/1.0/embed4403.json]
[www.coenove.fr/wp-json/oembed/1.0/embed9300]
[www.coenove.fr/observatoire-solutions/debat-idees/3-questions-a-bruno-millienne-depute-des-yvelines/r.html]
[www.coenove.fr/observatoire-solutions/debat-idees/3-questions-a-bruno-millienne-depute-des-yvelines/Firefox/index.html]
[www.coenove.fr/indexad2c.html]
[www.coenove.fr/wp-json/oembed/1.0/embedca07.json]
[www.coenove.fr/wp-json/oembed/1.0/embed6b9e]
[www.coenove.fr/observatoire-solutions/debat-idees/3-questions-a-antoine-armand-depute-de-haute-savoie/r.html]
[www.coenove.fr/observatoire-solutions/debat-idees/3-questions-a-antoine-armand-depute-de-haute-savoie/Firefox/index.html]
[www.coenove.fr/indexc27c.html]
[www.coenove.fr/wp-json/oembed/1.0/embed4297.json]
[www.coenove.fr/wp-json/oembed/1.0/embedcd94]
[www.coenove.fr/observatoire-solutions/debat-idees/emmanuelle-wargon/r.html]
[www.coenove.fr/observatoire-solutions/debat-idees/emmanuelle-wargon/Firefox/index.html]
[www.coenove.fr/indexb582.html]
[www.coenove.fr/wp-json/oembed/1.0/embedbf34.json]
[www.coenove.fr/wp-json/oembed/1.0/embeddcb8]
[www.coenove.fr/app/uploads/2023/01/30012023_CP_Adhesion_USH.pdf]
[www.coenove.fr/espace-presse/lunion-sociale-pour-lhabitat-ush-rejoint-lassociation-coenove/index.html]
[www.coenove.fr/app/uploads/2022/02/20212603_alerte_coenove_rencontresenergie.pdf]
[www.coenove.fr/espace-presse/participation-de-coenove-aux-21es-rencontres-po/index.html]
[www.coenove.fr/observatoire-solutions/debat-idees/3-questions-a-jean-marc-zulesi-president-de-la-commission-du-developpement-durable-et-de-lamenagement-du-territoire/r.html]
[www.coenove.fr/observatoire-solutions/debat-idees/3-questions-a-jean-marc-zulesi-president-de-la-commission-du-developpement-durable-et-de-lamenagement-du-territoire/Firefox/index.html]
[www.coenove.fr/index46ab.html]
[www.coenove.fr/wp-json/oembed/1.0/embede7cb.json]
[www.coenove.fr/wp-json/oembed/1.0/embed1967]
[www.coenove.fr/observatoire-solutions/innovations-technologies/fiche-solution-coenove-la-chaudiere-gaz-thpe/r.html]
[www.coenove.fr/observatoire-solutions/innovations-technologies/fiche-solution-coenove-la-chaudiere-gaz-thpe/Firefox/index.html]
[www.coenove.fr/indexb140.html]
[www.coenove.fr/wp-json/oembed/1.0/embed2fb9.json]
[www.coenove.fr/wp-json/oembed/1.0/embed0393]
[www.coenove.fr/observatoire-solutions/innovations-technologies/fiche-solution-coenove-la-pac-hybride/r.html]
[www.coenove.fr/observatoire-solutions/innovations-technologies/fiche-solution-coenove-la-pac-hybride/Firefox/index.html]
[www.coenove.fr/indexbdc9.html]
[www.coenove.fr/wp-json/oembed/1.0/embed37fe.json]
[www.coenove.fr/wp-json/oembed/1.0/embeda7fc]
[www.coenove.fr/observatoire-solutions/innovations-technologies/pac-gaz/r.html]
[www.coenove.fr/observatoire-solutions/innovations-technologies/pac-gaz/Firefox/index.html]
[www.coenove.fr/index93f8.html]
[www.coenove.fr/wp-json/oembed/1.0/embed6701.json]
[www.coenove.fr/wp-json/oembed/1.0/embed35e0]
[www.coenove.fr/observatoire-solutions/innovations-technologies/pile-a-combustible/r.html]
[www.coenove.fr/observatoire-solutions/innovations-technologies/pile-a-combustible/Firefox/index.html]
[www.coenove.fr/index0acd.html]
[www.coenove.fr/wp-json/oembed/1.0/embed34a6.json]
[www.coenove.fr/wp-json/oembed/1.0/embed6abe]
[www.coenove.fr/observatoire-solutions/innovations-technologies/biogaz-et-biomethane-injecte-dans-le-reseau-gaz-une-energie-renouvelable-a-part-entiere/r.html]
[www.coenove.fr/observatoire-solutions/innovations-technologies/biogaz-et-biomethane-injecte-dans-le-reseau-gaz-une-energie-renouvelable-a-part-entiere/Firefox/index.html]
[www.coenove.fr/indexa351.html]
[www.coenove.fr/wp-json/oembed/1.0/embed35a1.json]
[www.coenove.fr/wp-json/oembed/1.0/embedff9a]
[www.coenove.fr/observatoire-solutions/innovations-technologies/le-power-to-gas-une-solution-davenir-pour-stocker-lelectricite-dorigine-renouvelable/r.html]
[www.coenove.fr/observatoire-solutions/innovations-technologies/le-power-to-gas-une-solution-davenir-pour-stocker-lelectricite-dorigine-renouvelable/Firefox/index.html]
[www.coenove.fr/index568a.html]
[www.coenove.fr/wp-json/oembed/1.0/embed3b1e.json]
[www.coenove.fr/wp-json/oembed/1.0/embeda638]
[www.coenove.fr/observatoire-solutions/innovations-technologies/micro-cogeneration/r.html]
[www.coenove.fr/observatoire-solutions/innovations-technologies/micro-cogeneration/Firefox/index.html]
[www.coenove.fr/index5c49.html]
[www.coenove.fr/wp-json/oembed/1.0/embedd29d.json]
[www.coenove.fr/wp-json/oembed/1.0/embed9f08]
[www.coenove.fr/observatoire-solutions/innovations-technologies/pompe-a-chaleur-gaz-zeolithe/r.html]
[www.coenove.fr/observatoire-solutions/innovations-technologies/pompe-a-chaleur-gaz-zeolithe/Firefox/index.html]
[www.coenove.fr/index44fb.html]
[www.coenove.fr/wp-json/oembed/1.0/embedef9f.json]
[www.coenove.fr/wp-json/oembed/1.0/embed2034]
[www.coenove.fr/espace-presse/mon-etiquette-chaudiere-loutil-indispensable-des-professionnels-pour-repondre-aux-nouvelles-obligations-reglementaires/r.html]
[www.coenove.fr/espace-presse/mon-etiquette-chaudiere-loutil-indispensable-des-professionnels-pour-repondre-aux-nouvelles-obligations-reglementaires/Firefox/index.html]
[www.coenove.fr/indexaa11.html]
[www.coenove.fr/wp-json/oembed/1.0/embed2a09.json]
[www.coenove.fr/wp-json/oembed/1.0/embed9f18]
[www.coenove.fr/actualites/coenove-a-enerjmeeting-paris-2024/r.html]
[www.coenove.fr/actualites/coenove-a-enerjmeeting-paris-2024/Firefox/index.html]
[www.coenove.fr/index1731.html]
[www.coenove.fr/wp-json/oembed/1.0/embed593d.json]
[www.coenove.fr/wp-json/oembed/1.0/embed0159]
[www.coenove.fr/actualites/coenove-a-la-rencontre-des-agriculteurs-methaniseurs/r.html]
[www.coenove.fr/actualites/coenove-a-la-rencontre-des-agriculteurs-methaniseurs/Firefox/index.html]
[www.coenove.fr/index95be.html]
[www.coenove.fr/wp-json/oembed/1.0/embedc1dd.json]
[www.coenove.fr/wp-json/oembed/1.0/embed0749]
[www.coenove.fr/5-idees-recues/Firefox/index.html]
[www.coenove.fr/index9a2e.html]
[www.coenove.fr/wp-json/oembed/1.0/embedec39.json]
[www.coenove.fr/wp-json/oembed/1.0/embed9dcc]
[www.coenove.fr/newsletters/page/2/r.html]
[www.coenove.fr/newsletters/page/2/Firefox/index.html]
[www.coenove.fr/newsletters/page/3/index.html]
[www.coenove.fr/newsletters/nesquivons-pas-le-debat-democratique-sur-la-programmation-pluriannuelle-de-lenergie/Firefox/index.html]
[www.coenove.fr/indexc200.html]
[www.coenove.fr/wp-json/oembed/1.0/embedf390.json]
[www.coenove.fr/wp-json/oembed/1.0/embed42de]
[www.coenove.fr/newsletters/taxes-sur-lenergie-soyons-vigilants-a-ne-pas-jouer-avec-le-feu/Firefox/index.html]
[www.coenove.fr/index6fa8.html]
[www.coenove.fr/wp-json/oembed/1.0/embed88df.json]
[www.coenove.fr/wp-json/oembed/1.0/embed1a35]
[www.coenove.fr/newsletters/lettre-mensuelle-de-coenove-nomvembre-2023/Firefox/index.html]
[www.coenove.fr/index82ae.html]
[www.coenove.fr/wp-json/oembed/1.0/embedcfd4.json]
[www.coenove.fr/wp-json/oembed/1.0/embedc54b]
[www.coenove.fr/newsletters/lettre-mensuelle-de-coenove/Firefox/index.html]
[www.coenove.fr/indexbe54.html]
[www.coenove.fr/wp-json/oembed/1.0/embedfe7b.json]
[www.coenove.fr/wp-json/oembed/1.0/embed538c]
[www.coenove.fr/newsletters/lettre-mensuelle-de-coenove-septembre/Firefox/index.html]
[www.coenove.fr/index67c0.html]
[www.coenove.fr/wp-json/oembed/1.0/embed04f8.json]
[www.coenove.fr/wp-json/oembed/1.0/embedf9b9]
[www.coenove.fr/newsletters/lettre-mensuelle-de-coenove-aout-2023/Firefox/index.html]
[www.coenove.fr/indexa5aa.html]
[www.coenove.fr/wp-json/oembed/1.0/embed5198.json]
[www.coenove.fr/wp-json/oembed/1.0/embedb1a9]
[www.coenove.fr/newsletters/lettre-mensuelle-de-coenove-juin-2023/Firefox/index.html]
[www.coenove.fr/indexccbb.html]
[www.coenove.fr/wp-json/oembed/1.0/embed0571.json]
[www.coenove.fr/wp-json/oembed/1.0/embed5b1a]
[www.coenove.fr/newsletters/lettre-mensuelle-de-coenove-mai-2023/Firefox/index.html]
[www.coenove.fr/indexa808.html]
[www.coenove.fr/wp-json/oembed/1.0/embed6205.json]
[www.coenove.fr/wp-json/oembed/1.0/embed1d25]
[www.coenove.fr/newsletters/lettre-mensuelle-de-coenove-avril-2023/Firefox/index.html]
[www.coenove.fr/index9dc4.html]
[www.coenove.fr/wp-json/oembed/1.0/embede432.json]
[www.coenove.fr/wp-json/oembed/1.0/embed456e]
[www.coenove.fr/newsletters/lettre-mensuelle-de-coenove-mars-2023/Firefox/index.html]
[www.coenove.fr/indexdf82.html]
[www.coenove.fr/wp-json/oembed/1.0/embed7b0f.json]
[www.coenove.fr/wp-json/oembed/1.0/embedc415]
[www.coenove.fr/espace-presse/sobriete-des-batiments-tertiaires-prives/r.html]
[www.coenove.fr/espace-presse/sobriete-des-batiments-tertiaires-prives/Firefox/index.html]
[www.coenove.fr/indexea2e.html]
[www.coenove.fr/wp-json/oembed/1.0/embed9714.json]
[www.coenove.fr/wp-json/oembed/1.0/embed5d7d]
[www.coenove.fr/espace-presse/les-infrastructures-gaz/r.html]
[www.coenove.fr/espace-presse/les-infrastructures-gaz/Firefox/index.html]
[www.coenove.fr/index8dfb.html]
[www.coenove.fr/wp-json/oembed/1.0/embede1d4.json]
[www.coenove.fr/wp-json/oembed/1.0/embedd9b2]
[www.coenove.fr/espace-presse/projet-daugmentation-de-la-tva-sur-les-chaudieres-gaz-de-55-a-20-coenove-reagit/r.html]
[www.coenove.fr/espace-presse/projet-daugmentation-de-la-tva-sur-les-chaudieres-gaz-de-55-a-20-coenove-reagit/Firefox/index.html]
[www.coenove.fr/index5c87.html]
[www.coenove.fr/wp-json/oembed/1.0/embed64d6.json]
[www.coenove.fr/wp-json/oembed/1.0/embed8686]
[www.coenove.fr/espace-presse/bilan-previsionnel-de-rte/r.html]
[www.coenove.fr/espace-presse/bilan-previsionnel-de-rte/Firefox/index.html]
[www.coenove.fr/index409c.html]
[www.coenove.fr/wp-json/oembed/1.0/embed97e7.json]
[www.coenove.fr/wp-json/oembed/1.0/embed627b]
[www.coenove.fr/espace-presse/mention-gaz-vert/r.html]
[www.coenove.fr/espace-presse/mention-gaz-vert/Firefox/index.html]
[www.coenove.fr/index4b3f.html]
[www.coenove.fr/wp-json/oembed/1.0/embedb3b5.json]
[www.coenove.fr/wp-json/oembed/1.0/embede9e3]
[www.coenove.fr/espace-presse/portrait-de-jean-charles-colas-roy/r.html]
[www.coenove.fr/espace-presse/portrait-de-jean-charles-colas-roy/Firefox/index.html]
[www.coenove.fr/index29c8.html]
[www.coenove.fr/wp-json/oembed/1.0/embed22db.json]
[www.coenove.fr/wp-json/oembed/1.0/embed60a4]
[www.coenove.fr/espace-presse/accelerer-le-developpement-de-la-pac-hybride-une-solution-meconnue-pour-decarboner-le-batiment/r.html]
[www.coenove.fr/espace-presse/accelerer-le-developpement-de-la-pac-hybride-une-solution-meconnue-pour-decarboner-le-batiment/Firefox/index.html]
[www.coenove.fr/indexe5f6.html]
[www.coenove.fr/wp-json/oembed/1.0/embeda863.json]
[www.coenove.fr/wp-json/oembed/1.0/embed11bc]
[www.coenove.fr/espace-presse/halte-aux-idees-recues-malgre-la-re2020-le-gaz-a-toujours-un-avenir-dans-le-batiment/r.html]
[www.coenove.fr/espace-presse/halte-aux-idees-recues-malgre-la-re2020-le-gaz-a-toujours-un-avenir-dans-le-batiment/Firefox/index.html]
[www.coenove.fr/index80d6.html]
[www.coenove.fr/wp-json/oembed/1.0/embed3c9d.json]
[www.coenove.fr/wp-json/oembed/1.0/embed1d84]
[www.coenove.fr/actualites/coenove-au-salon-hyvolution-paris-2024/r.html]
[www.coenove.fr/actualites/coenove-au-salon-hyvolution-paris-2024/Firefox/index.html]
[www.coenove.fr/index5c68.html]
[www.coenove.fr/wp-json/oembed/1.0/embedb925.json]
[www.coenove.fr/wp-json/oembed/1.0/embed8907]
[www.coenove.fr/espace-presse/rojet-dinterdiction-des-chaudieres-au-gaz-dans-les-batiments-une-fausse-bonne-idee/r.html]
[www.coenove.fr/espace-presse/rojet-dinterdiction-des-chaudieres-au-gaz-dans-les-batiments-une-fausse-bonne-idee/Firefox/index.html]
[www.coenove.fr/index8a56.html]
[www.coenove.fr/wp-json/oembed/1.0/embedcb0b.json]
[www.coenove.fr/wp-json/oembed/1.0/embedecd5]
[www.coenove.fr/faq/le-gaz-est-une-energie-fossile-mais/r.html]
[www.coenove.fr/faq/le-gaz-est-une-energie-fossile-mais/Firefox/index.html]
[www.coenove.fr/index7eba.html]
[www.coenove.fr/wp-json/oembed/1.0/embed04c3.json]
[www.coenove.fr/wp-json/oembed/1.0/embedbd5f]
[www.coenove.fr/espace-presse/quel-est-le-vrai-impact-carbone-de-lelectricite/r.html]
[www.coenove.fr/espace-presse/quel-est-le-vrai-impact-carbone-de-lelectricite/Firefox/index.html]
[www.coenove.fr/index3f66.html]
[www.coenove.fr/wp-json/oembed/1.0/embedc951.json]
[www.coenove.fr/wp-json/oembed/1.0/embed3dab]
[www.coenove.fr/espace-presse/gaz-vert-dans-le-batiment-la-filiere-accelere/r.html]
[www.coenove.fr/espace-presse/gaz-vert-dans-le-batiment-la-filiere-accelere/Firefox/index.html]
[www.coenove.fr/index12a6.html]
[www.coenove.fr/wp-json/oembed/1.0/embed37f2.json]
[www.coenove.fr/wp-json/oembed/1.0/embede91d]
[www.coenove.fr/espace-presse/lunion-sociale-pour-lhabitat-ush-rejoint-lassociation-coenove/r.html]
[www.coenove.fr/espace-presse/lunion-sociale-pour-lhabitat-ush-rejoint-lassociation-coenove/Firefox/index.html]
[www.coenove.fr/indexe481.html]
[www.coenove.fr/wp-json/oembed/1.0/embed8bc9.json]
[www.coenove.fr/wp-json/oembed/1.0/embed79da]
[www.coenove.fr/espace-presse/participation-de-coenove-aux-21es-rencontres-po/r.html]
[www.coenove.fr/espace-presse/participation-de-coenove-aux-21es-rencontres-po/Firefox/index.html]
[www.coenove.fr/indexb4ec.html]
[www.coenove.fr/wp-json/oembed/1.0/embed12ed.json]
[www.coenove.fr/wp-json/oembed/1.0/embedccdf]
[www.coenove.fr/newsletters/page/3/r.html]
[www.coenove.fr/newsletters/page/3/Firefox/index.html]
[www.coenove.fr/newsletters/page/4/index.html]
[www.coenove.fr/newsletters/page/4/index.html]
[www.coenove.fr/newsletters/page/4/r.html]
[www.coenove.fr/newsletters/page/4/Firefox/index.html]
